Component: ARM Compiler 5.06 update 6 (build 750) Tool: armlink [4d35ed]

==============================================================================

Section Cross References

    system_mimxrt1052.o(i.SystemCoreClockUpdate) refers to uldiv.o(.text) for __aeabi_uldivmod
    system_mimxrt1052.o(i.SystemCoreClockUpdate) refers to system_mimxrt1052.o(.data) for SystemCoreClock
    system_mimxrt1052.o(i.SystemInit) refers to system_mimxrt1052.o(i.SCB_EnableICache) for SCB_EnableICache
    system_mimxrt1052.o(i.SystemInit) refers to system_mimxrt1052.o(i.SCB_EnableDCache) for SCB_EnableDCache
    system_mimxrt1052.o(i.SystemInit) refers to system_mimxrt1052.o(i.SystemInitHook) for SystemInitHook
    startup_mimxrt1052.o(RESET) refers to startup_mimxrt1052.o(.text) for Reset_Handler
    startup_mimxrt1052.o(RESET) refers to bsp_lcd.o(i.LCDIF_IRQHandler) for LCDIF_IRQHandler
    startup_mimxrt1052.o(RESET) refers to bsp_i2c_touch.o(i.GPIO1_Combined_0_15_IRQHandler) for GPIO1_Combined_0_15_IRQHandler
    startup_mimxrt1052.o(.text) refers to startup_mimxrt1052.o(RESET) for __Vectors
    startup_mimxrt1052.o(.text) refers to system_mimxrt1052.o(i.SystemInit) for SystemInit
    startup_mimxrt1052.o(.text) refers to entry.o(.ARM.Collect$$$$00000000) for __main
    startup_mimxrt1052.o(.text) refers to fsl_lpuart.o(i.LPUART1_DriverIRQHandler) for LPUART1_DriverIRQHandler
    startup_mimxrt1052.o(.text) refers to fsl_lpuart.o(i.LPUART2_DriverIRQHandler) for LPUART2_DriverIRQHandler
    startup_mimxrt1052.o(.text) refers to fsl_lpuart.o(i.LPUART3_DriverIRQHandler) for LPUART3_DriverIRQHandler
    startup_mimxrt1052.o(.text) refers to fsl_lpuart.o(i.LPUART4_DriverIRQHandler) for LPUART4_DriverIRQHandler
    startup_mimxrt1052.o(.text) refers to fsl_lpuart.o(i.LPUART5_DriverIRQHandler) for LPUART5_DriverIRQHandler
    startup_mimxrt1052.o(.text) refers to fsl_lpuart.o(i.LPUART6_DriverIRQHandler) for LPUART6_DriverIRQHandler
    startup_mimxrt1052.o(.text) refers to fsl_lpuart.o(i.LPUART7_DriverIRQHandler) for LPUART7_DriverIRQHandler
    startup_mimxrt1052.o(.text) refers to fsl_lpuart.o(i.LPUART8_DriverIRQHandler) for LPUART8_DriverIRQHandler
    startup_mimxrt1052.o(.text) refers to fsl_lpi2c.o(i.LPI2C1_DriverIRQHandler) for LPI2C1_DriverIRQHandler
    startup_mimxrt1052.o(.text) refers to fsl_lpi2c.o(i.LPI2C2_DriverIRQHandler) for LPI2C2_DriverIRQHandler
    startup_mimxrt1052.o(.text) refers to fsl_lpi2c.o(i.LPI2C3_DriverIRQHandler) for LPI2C3_DriverIRQHandler
    fsl_clock.o(i.CLOCK_DisableUsbhs0PhyPllClock) refers to fsl_clock.o(i.CLOCK_DeinitUsb1Pll) for CLOCK_DeinitUsb1Pll
    fsl_clock.o(i.CLOCK_DisableUsbhs1PhyPllClock) refers to fsl_clock.o(i.CLOCK_DeinitUsb2Pll) for CLOCK_DeinitUsb2Pll
    fsl_clock.o(i.CLOCK_EnableUsbhs0PhyPllClock) refers to fsl_clock.o(i.CLOCK_InitUsb1Pll) for CLOCK_InitUsb1Pll
    fsl_clock.o(i.CLOCK_EnableUsbhs1PhyPllClock) refers to fsl_clock.o(i.CLOCK_InitUsb2Pll) for CLOCK_InitUsb2Pll
    fsl_clock.o(i.CLOCK_GetFreq) refers to fsl_clock.o(i.CLOCK_GetPeriphClkFreq) for CLOCK_GetPeriphClkFreq
    fsl_clock.o(i.CLOCK_GetFreq) refers to fsl_clock.o(i.CLOCK_GetUsb1PfdFreq) for CLOCK_GetUsb1PfdFreq
    fsl_clock.o(i.CLOCK_GetFreq) refers to fsl_clock.o(i.CLOCK_GetSysPfdFreq) for CLOCK_GetSysPfdFreq
    fsl_clock.o(i.CLOCK_GetFreq) refers to fsl_clock.o(i.CLOCK_GetOscFreq) for CLOCK_GetOscFreq
    fsl_clock.o(i.CLOCK_GetFreq) refers to fsl_clock.o(i.CLOCK_GetPllFreq) for CLOCK_GetPllFreq
    fsl_clock.o(i.CLOCK_GetOscFreq) refers to fsl_clock.o(.data) for g_xtalFreq
    fsl_clock.o(i.CLOCK_GetPeriphClkFreq) refers to fsl_clock.o(i.CLOCK_GetPllFreq) for CLOCK_GetPllFreq
    fsl_clock.o(i.CLOCK_GetPeriphClkFreq) refers to fsl_clock.o(i.CLOCK_GetOscFreq) for CLOCK_GetOscFreq
    fsl_clock.o(i.CLOCK_GetPeriphClkFreq) refers to fsl_clock.o(i.CLOCK_GetSysPfdFreq) for CLOCK_GetSysPfdFreq
    fsl_clock.o(i.CLOCK_GetPllFreq) refers to fsl_clock.o(i.CLOCK_GetOscFreq) for CLOCK_GetOscFreq
    fsl_clock.o(i.CLOCK_GetPllFreq) refers to uldiv.o(.text) for __aeabi_uldivmod
    fsl_clock.o(i.CLOCK_GetPllFreq) refers to fsl_clock.o(.constdata) for .constdata
    fsl_clock.o(i.CLOCK_GetSysPfdFreq) refers to fsl_clock.o(i.CLOCK_GetPllFreq) for CLOCK_GetPllFreq
    fsl_clock.o(i.CLOCK_GetUsb1PfdFreq) refers to fsl_clock.o(i.CLOCK_GetPllFreq) for CLOCK_GetPllFreq
    fsl_clock.o(i.CLOCK_InitExternalClk) refers to fsl_assert.o(i.__aeabi_assert) for __aeabi_assert
    fsl_gpio.o(i.CLOCK_EnableClock) refers to fsl_assert.o(i.__aeabi_assert) for __aeabi_assert
    fsl_gpio.o(i.GPIO_GetInstance) refers to fsl_assert.o(i.__aeabi_assert) for __aeabi_assert
    fsl_gpio.o(i.GPIO_GetInstance) refers to fsl_gpio.o(.constdata) for s_gpioBases
    fsl_gpio.o(i.GPIO_PinInit) refers to fsl_gpio.o(i.GPIO_GetInstance) for GPIO_GetInstance
    fsl_gpio.o(i.GPIO_PinInit) refers to fsl_gpio.o(i.CLOCK_EnableClock) for CLOCK_EnableClock
    fsl_gpio.o(i.GPIO_PinInit) refers to fsl_gpio.o(i.GPIO_PinWrite) for GPIO_PinWrite
[...]
    I2C_GTP_IOMUXC_MUX_Config                0x60004d91   Thumb Code    98  bsp_i2c_touch.o(i.I2C_GTP_IOMUXC_MUX_Config)
    i.I2C_GTP_IOMUXC_PAD_Config              0x60004e00   Section        0  bsp_i2c_touch.o(i.I2C_GTP_IOMUXC_PAD_Config)
    I2C_GTP_IOMUXC_PAD_Config                0x60004e01   Thumb Code   106  bsp_i2c_touch.o(i.I2C_GTP_IOMUXC_PAD_Config)
    i.I2C_Master_Callback                    0x60004e78   Section        0  bsp_i2c_touch.o(i.I2C_Master_Callback)
    I2C_Master_Callback                      0x60004e79   Thumb Code    12  bsp_i2c_touch.o(i.I2C_Master_Callback)
    i.I2C_ReadBytes                          0x60004e88   Section        0  bsp_i2c_touch.o(i.I2C_ReadBytes)
    i.I2C_Timeout_Callback                   0x60004f0c   Section        0  bsp_i2c_touch.o(i.I2C_Timeout_Callback)
    I2C_Timeout_Callback                     0x60004f0d   Thumb Code    16  bsp_i2c_touch.o(i.I2C_Timeout_Callback)
    i.I2C_Touch_Init                         0x60004f4c   Section        0  bsp_i2c_touch.o(i.I2C_Touch_Init)
    i.I2C_Transfer                           0x60004f60   Section        0  gt9xx.o(i.I2C_Transfer)
    I2C_Transfer                             0x60004f61   Thumb Code   126  gt9xx.o(i.I2C_Transfer)
    i.I2C_WriteBytes                         0x60004fe0   Section        0  bsp_i2c_touch.o(i.I2C_WriteBytes)
    i.IOMUXC_SetPinConfig                    0x60005064   Section        0  pin_mux.o(i.IOMUXC_SetPinConfig)
    IOMUXC_SetPinConfig                      0x60005065   Thumb Code    12  pin_mux.o(i.IOMUXC_SetPinConfig)
    i.IOMUXC_SetPinConfig                    0x60005070   Section        0  bsp_led.o(i.IOMUXC_SetPinConfig)
    IOMUXC_SetPinConfig                      0x60005071   Thumb Code    12  bsp_led.o(i.IOMUXC_SetPinConfig)
    i.IOMUXC_SetPinConfig                    0x6000507c   Section        0  bsp_lcd.o(i.IOMUXC_SetPinConfig)
    IOMUXC_SetPinConfig                      0x6000507d   Thumb Code    12  bsp_lcd.o(i.IOMUXC_SetPinConfig)
    i.IOMUXC_SetPinConfig                    0x60005088   Section        0  bsp_i2c_touch.o(i.IOMUXC_SetPinConfig)
    IOMUXC_SetPinConfig                      0x60005089   Thumb Code    12  bsp_i2c_touch.o(i.IOMUXC_SetPinConfig)
    i.IOMUXC_SetPinMux                       0x60005094   Section        0  pin_mux.o(i.IOMUXC_SetPinMux)
    IOMUXC_SetPinMux                         0x60005095   Thumb Code    26  pin_mux.o(i.IOMUXC_SetPinMux)
    i.IOMUXC_SetPinMux                       0x600050ae   Section        0  bsp_led.o(i.IOMUXC_SetPinMux)
    IOMUXC_SetPinMux                         0x600050af   Thumb Code    26  bsp_led.o(i.IOMUXC_SetPinMux)
    i.IOMUXC_SetPinMux                       0x600050c8   Section        0  bsp_lcd.o(i.IOMUXC_SetPinMux)
    IOMUXC_SetPinMux                         0x600050c9   Thumb Code    26  bsp_lcd.o(i.IOMUXC_SetPinMux)
    i.IOMUXC_SetPinMux                       0x600050e2   Section        0  bsp_i2c_touch.o(i.IOMUXC_SetPinMux)
    IOMUXC_SetPinMux                         0x600050e3   Thumb Code    26  bsp_i2c_touch.o(i.IOMUXC_SetPinMux)
    i.IO_Init                                0x600050fc   Section        0  fsl_io.o(i.IO_Init)
    i.IO_Transfer                            0x600051b8   Section        0  fsl_io.o(i.IO_Transfer)
    i.LCDIF_IRQHandler                       0x600051fc   Section        0  bsp_lcd.o(i.LCDIF_IRQHandler)
    i.LCD_BackLight_ON                       0x60005234   Section        0  bsp_lcd.o(i.LCD_BackLight_ON)
    i.LCD_Clear                              0x60005250   Section        0  bsp_lcd.o(i.LCD_Clear)
    i.LCD_DispString                         0x6000527c   Section        0  bsp_lcd.o(i.LCD_DispString)
    i.LCD_DisplayChar                        0x600052d4   Section        0  bsp_lcd.o(i.LCD_DisplayChar)
    i.LCD_DrawFullRect                       0x600053e0   Section        0  bsp_lcd.o(i.LCD_DrawFullRect)
    i.LCD_DrawLine                           0x60005478   Section        0  bsp_lcd.o(i.LCD_DrawLine)
    i.LCD_DrawRect                           0x600054fc   Section        0  bsp_lcd.o(i.LCD_DrawRect)
    i.LCD_ELCDIF_Config                      0x60005570   Section        0  bsp_lcd.o(i.LCD_ELCDIF_Config)
    LCD_ELCDIF_Config                        0x60005571   Thumb Code    36  bsp_lcd.o(i.LCD_ELCDIF_Config)
    i.LCD_IOMUXC_MUX_Config                  0x600055a0   Section        0  bsp_lcd.o(i.LCD_IOMUXC_MUX_Config)
    LCD_IOMUXC_MUX_Config                    0x600055a1   Thumb Code   504  bsp_lcd.o(i.LCD_IOMUXC_MUX_Config)
    i.LCD_IOMUXC_PAD_Config                  0x600057a0   Section        0  bsp_lcd.o(i.LCD_IOMUXC_PAD_Config)
    LCD_IOMUXC_PAD_Config                    0x600057a1   Thumb Code   546  bsp_lcd.o(i.LCD_IOMUXC_PAD_Config)
    i.LCD_Init                               0x600059cc   Section        0  bsp_lcd.o(i.LCD_Init)
    i.LCD_InitClock                          0x60005a00   Section        0  bsp_lcd.o(i.LCD_InitClock)
    i.LCD_InterruptConfig                    0x60005a3c   Section        0  bsp_lcd.o(i.LCD_InterruptConfig)
    i.LCD_SetColors                          0x60005a7c   Section        0  bsp_lcd.o(i.LCD_SetColors)
    i.LCD_SetFont                            0x60005a90   Section        0  bsp_lcd.o(i.LCD_SetFont)
    i.LED_GPIO_Config                        0x60005a9c   Section        0  bsp_led.o(i.LED_GPIO_Config)
    i.LED_GPIO_Mode_Config                   0x60005aac   Section        0  bsp_led.o(i.LED_GPIO_Mode_Config)
    LED_GPIO_Mode_Config                     0x60005aad   Thumb Code    60  bsp_led.o(i.LED_GPIO_Mode_Config)
    i.LED_IOMUXC_MUX_Config                  0x60005aec   Section        0  bsp_led.o(i.LED_IOMUXC_MUX_Config)
    LED_IOMUXC_MUX_Config                    0x60005aed   Thumb Code    96  bsp_led.o(i.LED_IOMUXC_MUX_Config)
    i.LED_IOMUXC_PAD_Config                  0x60005b54   Section        0  bsp_led.o(i.LED_IOMUXC_PAD_Config)
    LED_IOMUXC_PAD_Config                    0x60005b55   Thumb Code    96  bsp_led.o(i.LED_IOMUXC_PAD_Config)
    i.LOG_Init                               0x60005bbc   Section        0  fsl_log.o(i.LOG_Init)
    i.LOG_Pop                                0x60005be0   Section        0  fsl_log.o(i.LOG_Pop)
    i.LOG_Push                               0x60005c04   Section        0  fsl_log.o(i.LOG_Push)
    i.LPI2C1_DriverIRQHandler                0x60005c58   Section        0  fsl_lpi2c.o(i.LPI2C1_DriverIRQHandler)
    i.LPI2C2_DriverIRQHandler                0x60005c68   Section        0  fsl_lpi2c.o(i.LPI2C2_DriverIRQHandler)
    i.LPI2C3_DriverIRQHandler                0x60005c78   Section        0  fsl_lpi2c.o(i.LPI2C3_DriverIRQHandler)
    i.LPI2C_CheckForBusyBus                  0x60005c88   Section        0  fsl_lpi2c.o(i.LPI2C_CheckForBusyBus)
    i.LPI2C_CommonIRQHandler                 0x60005cac   Section        0  fsl_lpi2c.o(i.LPI2C_CommonIRQHandler)
    LPI2C_CommonIRQHandler                   0x60005cad   Thumb Code    66  fsl_lpi2c.o(i.LPI2C_CommonIRQHandler)
    i.LPI2C_GetCyclesForWidth                0x60005d00   Section        0  fsl_lpi2c.o(i.LPI2C_GetCyclesForWidth)
    LPI2C_GetCyclesForWidth                  0x60005d01   Thumb Code    58  fsl_lpi2c.o(i.LPI2C_GetCyclesForWidth)
    i.LPI2C_GetInstance                      0x60005d40   Section        0  fsl_lpi2c.o(i.LPI2C_GetInstance)
    i.LPI2C_InitTransferStateMachine         0x60005d98   Section        0  fsl_lpi2c.o(i.LPI2C_InitTransferStateMachine)
    LPI2C_InitTransferStateMachine           0x60005d99   Thumb Code   194  fsl_lpi2c.o(i.LPI2C_InitTransferStateMachine)
    i.LPI2C_MasterCheckAndClearError         0x60005e5c   Section        0  fsl_lpi2c.o(i.LPI2C_MasterCheckAndClearError)
    i.LPI2C_MasterClearStatusFlags           0x60005eec   Section        0  fsl_lpi2c.o(i.LPI2C_MasterClearStatusFlags)
    LPI2C_MasterClearStatusFlags             0x60005eed   Thumb Code     4  fsl_lpi2c.o(i.LPI2C_MasterClearStatusFlags)
    i.LPI2C_MasterDisableInterrupts          0x60005ef0   Section        0  fsl_lpi2c.o(i.LPI2C_MasterDisableInterrupts)
    LPI2C_MasterDisableInterrupts            0x60005ef1   Thumb Code     8  fsl_lpi2c.o(i.LPI2C_MasterDisableInterrupts)
    i.LPI2C_MasterEnable                     0x60005ef8   Section        0  fsl_lpi2c.o(i.LPI2C_MasterEnable)
    LPI2C_MasterEnable                       0x60005ef9   Thumb Code    10  fsl_lpi2c.o(i.LPI2C_MasterEnable)
    i.LPI2C_MasterEnableInterrupts           0x60005f02   Section        0  fsl_lpi2c.o(i.LPI2C_MasterEnableInterrupts)
    LPI2C_MasterEnableInterrupts             0x60005f03   Thumb Code     8  fsl_lpi2c.o(i.LPI2C_MasterEnableInterrupts)
    i.LPI2C_MasterGetDefaultConfig           0x60005f0c   Section        0  fsl_lpi2c.o(i.LPI2C_MasterGetDefaultConfig)
    i.LPI2C_MasterGetFifoCounts              0x60005f3c   Section        0  fsl_lpi2c.o(i.LPI2C_MasterGetFifoCounts)
    LPI2C_MasterGetFifoCounts                0x60005f3d   Thumb Code    22  fsl_lpi2c.o(i.LPI2C_MasterGetFifoCounts)
    i.LPI2C_MasterGetStatusFlags             0x60005f52   Section        0  fsl_lpi2c.o(i.LPI2C_MasterGetStatusFlags)
    LPI2C_MasterGetStatusFlags               0x60005f53   Thumb Code     6  fsl_lpi2c.o(i.LPI2C_MasterGetStatusFlags)
    i.LPI2C_MasterInit                       0x60005f58   Section        0  fsl_lpi2c.o(i.LPI2C_MasterInit)
    i.LPI2C_MasterReset                      0x60006090   Section        0  fsl_lpi2c.o(i.LPI2C_MasterReset)
    LPI2C_MasterReset                        0x60006091   Thumb Code    10  fsl_lpi2c.o(i.LPI2C_MasterReset)
    i.LPI2C_MasterSetBaudRate                0x6000609c   Section        0  fsl_lpi2c.o(i.LPI2C_MasterSetBaudRate)
    i.LPI2C_MasterTransferCreateHandle       0x600061c0   Section        0  fsl_lpi2c.o(i.LPI2C_MasterTransferCreateHandle)
    i.LPI2C_MasterTransferHandleIRQ          0x60006250   Section        0  fsl_lpi2c.o(i.LPI2C_MasterTransferHandleIRQ)
    i.LPI2C_MasterTransferNonBlocking        0x60006298   Section        0  fsl_lpi2c.o(i.LPI2C_MasterTransferNonBlocking)
    i.LPI2C_RunTransferStateMachine          0x600063a0   Section        0  fsl_lpi2c.o(i.LPI2C_RunTransferStateMachine)
    LPI2C_RunTransferStateMachine            0x600063a1   Thumb Code   374  fsl_lpi2c.o(i.LPI2C_RunTransferStateMachine)
    i.LPUART1_DriverIRQHandler               0x60006544   Section        0  fsl_lpuart.o(i.LPUART1_DriverIRQHandler)
    i.LPUART2_DriverIRQHandler               0x60006560   Section        0  fsl_lpuart.o(i.LPUART2_DriverIRQHandler)
    i.LPUART3_DriverIRQHandler               0x6000657c   Section        0  fsl_lpuart.o(i.LPUART3_DriverIRQHandler)
    i.LPUART4_DriverIRQHandler               0x60006598   Section        0  fsl_lpuart.o(i.LPUART4_DriverIRQHandler)
    i.LPUART5_DriverIRQHandler               0x600065b4   Section        0  fsl_lpuart.o(i.LPUART5_DriverIRQHandler)
    i.LPUART6_DriverIRQHandler               0x600065d0   Section        0  fsl_lpuart.o(i.LPUART6_DriverIRQHandler)
    i.LPUART7_DriverIRQHandler               0x600065ec   Section        0  fsl_lpuart.o(i.LPUART7_DriverIRQHandler)
    i.LPUART8_DriverIRQHandler               0x60006608   Section        0  fsl_lpuart.o(i.LPUART8_DriverIRQHandler)
    i.LPUART_ClearStatusFlags                0x60006624   Section        0  fsl_lpuart.o(i.LPUART_ClearStatusFlags)
    i.LPUART_GetDefaultConfig                0x6000667c   Section        0  fsl_lpuart.o(i.LPUART_GetDefaultConfig)
    i.LPUART_GetInstance                     0x600066e8   Section        0  fsl_lpuart.o(i.LPUART_GetInstance)
    i.LPUART_GetStatusFlags                  0x6000676c   Section        0  fsl_lpuart.o(i.LPUART_GetStatusFlags)
    i.LPUART_Init                            0x6000677c   Section        0  fsl_lpuart.o(i.LPUART_Init)
    i.LPUART_ReadBlocking                    0x60006a70   Section        0  fsl_lpuart.o(i.LPUART_ReadBlocking)
    i.LPUART_WriteBlocking                   0x60006b74   Section        0  fsl_lpuart.o(i.LPUART_WriteBlocking)
    i.Palette_Init                           0x60006bdc   Section        0  palette.o(i.Palette_Init)
    i.SCB_DisableDCache                      0x60006c14   Section        0  board.o(i.SCB_DisableDCache)
    SCB_DisableDCache                        0x60006c15   Thumb Code   150  board.o(i.SCB_DisableDCache)
    i.SCB_EnableDCache                       0x60006cb4   Section        0  system_mimxrt1052.o(i.SCB_EnableDCache)
    SCB_EnableDCache                         0x60006cb5   Thumb Code   148  system_mimxrt1052.o(i.SCB_EnableDCache)
    i.SCB_EnableDCache                       0x60006d50   Section        0  board.o(i.SCB_EnableDCache)
    SCB_EnableDCache                         0x60006d51   Thumb Code   148  board.o(i.SCB_EnableDCache)
    i.SCB_EnableICache                       0x60006dec   Section        0  system_mimxrt1052.o(i.SCB_EnableICache)
    SCB_EnableICache                         0x60006ded   Thumb Code   116  system_mimxrt1052.o(i.SCB_EnableICache)
    i.SCB_EnableICache                       0x60006e68   Section        0  board.o(i.SCB_EnableICache)
    SCB_EnableICache                         0x60006e69   Thumb Code   116  board.o(i.SCB_EnableICache)
    i.StrFormatPrintf                        0x60006ee4   Section        0  fsl_str.o(i.StrFormatPrintf)
    i.SystemInit                             0x6000750c   Section        0  system_mimxrt1052.o(i.SystemInit)
    i.SystemInitHook                         0x600075c0   Section        0  system_mimxrt1052.o(i.SystemInitHook)
    i.Touch_Button_Down                      0x600075c4   Section        0  palette.o(i.Touch_Button_Down)
    i.Touch_Button_Init                      0x6000767c   Section        0  palette.o(i.Touch_Button_Init)
    i.Touch_Button_Up                        0x60007a20   Section        0  palette.o(i.Touch_Button_Up)
    i.__ARM_fpclassify                       0x60007a98   Section        0  fpclassify.o(i.__ARM_fpclassify)
    i.__aeabi_assert                         0x60007ac8   Section        0  fsl_assert.o(i.__aeabi_assert)
    i.__hardfp_modf                          0x60007b0c   Section        0  modf.o(i.__hardfp_modf)
    i.__hardfp_pow                           0x60007bd0   Section        0  pow.o(i.__hardfp_pow)
    i.__kernel_poly                          0x600084c8   Section        0  poly.o(i.__kernel_poly)
    i.__mathlib_dbl_divzero                  0x60008538   Section        0  dunder.o(i.__mathlib_dbl_divzero)
    i.__mathlib_dbl_infnan2                  0x60008558   Section        0  dunder.o(i.__mathlib_dbl_infnan2)
    i.__mathlib_dbl_invalid                  0x60008560   Section        0  dunder.o(i.__mathlib_dbl_invalid)
    i.__mathlib_dbl_overflow                 0x60008578   Section        0  dunder.o(i.__mathlib_dbl_overflow)
    i.__mathlib_dbl_underflow                0x60008590   Section        0  dunder.o(i.__mathlib_dbl_underflow)
    i.__scatterload_copy                     0x600085a8   Section       14  handlers.o(i.__scatterload_copy)
    i.__scatterload_null                     0x600085b6   Section        2  handlers.o(i.__scatterload_null)
    i.__scatterload_zeroinit                 0x600085b8   Section       14  handlers.o(i.__scatterload_zeroinit)
    i.__set_errno                            0x600085c8   Section        0  errno.o(i.__set_errno)
    i.fabs                                   0x600085d4   Section        0  fabs.o(i.fabs)
    i.main                                   0x600085ec   Section        0  main.o(i.main)
    i.sqrt                                   0x6000881c   Section        0  sqrt.o(i.sqrt)
    .constdata                               0x60008888   Section       16  fsl_clock.o(.constdata)
    .constdata                               0x60008898   Section       36  fsl_gpio.o(.constdata)
    s_gpioBases                              0x60008898   Data          24  fsl_gpio.o(.constdata)
    s_gpioClock                              0x600088b0   Data          12  fsl_gpio.o(.constdata)
    .constdata                               0x600088bc   Section       72  fsl_lpuart.o(.constdata)
    s_lpuartBases                            0x600088bc   Data          36  fsl_lpuart.o(.constdata)
    s_lpuartIRQ                              0x600088e0   Data          18  fsl_lpuart.o(.constdata)
    s_lpuartClock                            0x600088f2   Data          18  fsl_lpuart.o(.constdata)
    .constdata                               0x60008904   Section        8  fsl_elcdif.o(.constdata)
    s_elcdifBases                            0x60008904   Data           4  fsl_elcdif.o(.constdata)
    s_elcdifApbClocks                        0x60008908   Data           2  fsl_elcdif.o(.constdata)
    s_elcdifPixClocks                        0x6000890a   Data           2  fsl_elcdif.o(.constdata)
    .constdata                               0x6000890c   Section       40  fsl_lpi2c.o(.constdata)
    kLpi2cBases                              0x6000890c   Data          20  fsl_lpi2c.o(.constdata)
    kLpi2cIrqs                               0x60008920   Data          10  fsl_lpi2c.o(.constdata)
    kLpi2cClocks                             0x6000892a   Data          10  fsl_lpi2c.o(.constdata)
    .constdata                               0x60008934   Section       17  clock_config.o(.constdata)
    .constdata                               0x60008948   Section       39  bsp_lcd.o(.constdata)
    .constdata                               0x6000896f   Section    21280  fonts.o(.constdata)
    .constdata                               0x6000dc90   Section        3  bsp_i2c_touch.o(.constdata)
    .constdata                               0x6000dc94   Section      640  gt9xx.o(.constdata)
    __func__                                 0x6000de08   Data          13  gt9xx.o(.constdata)
    __func__                                 0x6000de15   Data          13  gt9xx.o(.constdata)
    __func__                                 0x6000de22   Data          14  gt9xx.o(.constdata)
    __func__                                 0x6000de30   Data          23  gt9xx.o(.constdata)
    __func__                                 0x6000de47   Data          16  gt9xx.o(.constdata)
    __func__                                 0x6000de57   Data          15  gt9xx.o(.constdata)
    __func__                                 0x6000de66   Data          15  gt9xx.o(.constdata)
    __func__                                 0x6000de75   Data          20  gt9xx.o(.constdata)
    __func__                                 0x6000de94   Data          17  gt9xx.o(.constdata)
    __func__                                 0x6000dea5   Data          17  gt9xx.o(.constdata)
    __func__                                 0x6000deb6   Data          17  gt9xx.o(.constdata)
    __func__                                 0x6000dec7   Data          15  gt9xx.o(.constdata)
    __func__                                 0x6000ded6   Data          17  gt9xx.o(.constdata)
    __func__                                 0x6000def0   Data          13  gt9xx.o(.constdata)
    __func__                                 0x6000df03   Data          17  gt9xx.o(.constdata)
    .constdata                               0x6000df18   Section      136  pow.o(.constdata)
    bp                                       0x6000df18   Data          16  pow.o(.constdata)
    dp_h                                     0x6000df28   Data          16  pow.o(.constdata)
    dp_l                                     0x6000df38   Data          16  pow.o(.constdata)
    L                                        0x6000df48   Data          48  pow.o(.constdata)
    P                                        0x6000df78   Data          40  pow.o(.constdata)
    .constdata                               0x6000dfa0   Section        8  qnan.o(.constdata)
    .conststring                             0x6000dfa8   Section      161  gt9xx.o(.conststring)
    NonCacheable                             0x81c00000   Section    3072000  bsp_lcd.o(NonCacheable)

    Global Symbols

    Symbol Name                              Value     Ov Type        Size  Object(Section)

    BuildAttributes$$THM_ISAv4$E$P$D$K$B$S$7EM$VFPv5_D16$PE$PLD8$A:L22UL41UL21$X:L11$S22US41US21$IEEE1$IW$USESV6$~STKCKD$USESV7$~SHL$OTIME$ROPI$IEEEX$EBA8$MICROLIB$REQ8$PRES8$EABIv2 0x00000000   Number         0  anon$$obj.o ABSOLUTE
    __ARM_use_no_argv                        0x00000000   Number         0  main.o ABSOLUTE
    __cpp_initialize__aeabi_                  - Undefined Weak Reference
    __cxa_finalize                            - Undefined Weak Reference
    _clock_init                               - Undefined Weak Reference
    _microlib_exit                            - Undefined Weak Reference
    __Vectors_Size                           0x00000400   Number         0  startup_mimxrt1052.o ABSOLUTE
    SystemCoreClock                          0x20000000   Data           4  system_mimxrt1052.o(.data)
    g_xtalFreq                               0x20000004   Data           4  fsl_clock.o(.data)
    g_rtcXtalFreq                            0x20000008   Data           4  fsl_clock.o(.data)
    s_pixelFormatReg                         0x20000010   Data          40  fsl_elcdif.o(.data)
    s_frameDone                              0x20000048   Data           1  bsp_lcd.o(.data)
    Font8x16                                 0x2000005c   Data           8  fonts.o(.data)
    Font16x32                                0x20000064   Data           8  fonts.o(.data)
    Font24x48                                0x2000006c   Data           8  fonts.o(.data)
    g_MasterCompletionFlag                   0x20000074   Data           1  bsp_i2c_touch.o(.data)
    g_TouchPadInputSignal                    0x20000075   Data           1  bsp_i2c_touch.o(.data)
    config                                   0x20000076   Data         242  gt9xx.o(.data)
    touchIC                                  0x20000168   Data           1  gt9xx.o(.data)
    g_m_handle                               0x200001d0   Data          56  bsp_i2c_touch.o(.bss)
    button                                   0x20000208   Data         476  palette.o(.bss)
    Image$$ARM_LIB_STACK$$ZI$$Limit          0x20020000   Number         0  anon$$obj.o ABSOLUTE
    Image$$RW_m_config_text$$Base            0x60000000   Number         0  anon$$obj.o ABSOLUTE
    spiflash_config                          0x60000000   Data         512  fire_imxrt1052_spiflash_config.o(.boot_hdr.conf)
    image_vector_table                       0x60001000   Data          32  fsl_flexspi_nor_boot.o(.boot_hdr.ivt)
    boot_data                                0x60001020   Data          16  fsl_flexspi_nor_boot.o(.boot_hdr.boot_data)
    dcd_data                                 0x60001030   Data        1072  fire_imxrt1052_sdram_ini_dcd.o(.boot_hdr.dcd_data)
    __Vectors                                0x60002000   Data           4  startup_mimxrt1052.o(RESET)
    __Vectors_End                            0x60002400   Data           0  startup_mimxrt1052.o(RESET)
    __main                                   0x60002401   Thumb Code     0  entry.o(.ARM.Collect$$$$00000000)
    _main_stk                                0x60002401   Thumb Code     0  entry4.o(.ARM.Collect$$$$00000003)
    _main_scatterload                        0x60002405   Thumb Code     0  entry5.o(.ARM.Collect$$$$00000004)
    __main_after_scatterload                 0x60002409   Thumb Code     0  entry5.o(.ARM.Collect$$$$00000004)
    _main_clock                              0x60002409   Thumb Code     0  entry7b.o(.ARM.Collect$$$$00000008)
    _main_cpp_init                           0x60002409   Thumb Code     0  entry8b.o(.ARM.Collect$$$$0000000A)
    _main_init                               0x60002409   Thumb Code     0  entry9a.o(.ARM.Collect$$$$0000000B)
    __rt_final_cpp                           0x60002411   Thumb Code     0  entry10a.o(.ARM.Collect$$$$0000000D)
    __rt_final_exit                          0x60002411   Thumb Code     0  entry11a.o(.ARM.Collect$$$$0000000F)
    Reset_Handler                            0x60002415   Thumb Code    24  startup_mimxrt1052.o(.text)
    NMI_Handler                              0x6000242d   Thumb Code     2  startup_mimxrt1052.o(.text)
    HardFault_Handler                        0x6000242f   Thumb Code     2  startup_mimxrt1052.o(.text)
    MemManage_Handler                        0x60002431   Thumb Code     2  startup_mimxrt1052.o(.text)
    BusFault_Handler                         0x60002433   Thumb Code     2  startup_mimxrt1052.o(.text)
    UsageFault_Handler                       0x60002435   Thumb Code     2  startup_mimxrt1052.o(.text)
    SVC_Handler                              0x60002437   Thumb Code     2  startup_mimxrt1052.o(.text)
    DebugMon_Handler                         0x60002439   Thumb Code     2  startup_mimxrt1052.o(.text)
    PendSV_Handler                           0x6000243b   Thumb Code     2  startup_mimxrt1052.o(.text)
    SysTick_Handler                          0x6000243d   Thumb Code     2  startup_mimxrt1052.o(.text)
    DMA0_DMA16_IRQHandler                    0x6000243f   Thumb Code     4  startup_mimxrt1052.o(.text)
    DMA1_DMA17_IRQHandler                    0x60002443   Thumb Code     4  startup_mimxrt1052.o(.text)
    DMA2_DMA18_IRQHandler                    0x60002447   Thumb Code     4  startup_mimxrt1052.o(.text)
    DMA3_DMA19_IRQHandler                    0x6000244b   Thumb Code     4  startup_mimxrt1052.o(.text)
    DMA4_DMA20_IRQHandler                    0x6000244f   Thumb Code     4  startup_mimxrt1052.o(.text)
    DMA5_DMA21_IRQHandler                    0x60002453   Thumb Code     4  startup_mimxrt1052.o(.text)
    DMA6_DMA22_IRQHandler                    0x60002457   Thumb Code     4  startup_mimxrt1052.o(.text)
    DMA7_DMA23_IRQHandler                    0x6000245b   Thumb Code     4  startup_mimxrt1052.o(.text)
    DMA8_DMA24_IRQHandler                    0x6000245f   Thumb Code     4  startup_mimxrt1052.o(.text)
    DMA9_DMA25_IRQHandler                    0x60002463   Thumb Code     4  startup_mimxrt1052.o(.text)
    DMA10_DMA26_IRQHandler                   0x60002467   Thumb Code     4  startup_mimxrt1052.o(.text)
    DMA11_DMA27_IRQHandler                   0x6000246b   Thumb Code     4  startup_mimxrt1052.o(.text)
    DMA12_DMA28_IRQHandler                   0x6000246f   Thumb Code     4  startup_mimxrt1052.o(.text)
    DMA13_DMA29_IRQHandler                   0x60002473   Thumb Code     4  startup_mimxrt1052.o(.text)
    DMA14_DMA30_IRQHandler                   0x60002477   Thumb Code     4  startup_mimxrt1052.o(.text)
    DMA15_DMA31_IRQHandler                   0x6000247b   Thumb Code     4  startup_mimxrt1052.o(.text)
    DMA_ERROR_IRQHandler                     0x6000247f   Thumb Code     4  startup_mimxrt1052.o(.text)
    LPUART1_IRQHandler                       0x60002483   Thumb Code     4  startup_mimxrt1052.o(.text)
    LPUART2_IRQHandler                       0x60002487   Thumb Code     4  startup_mimxrt1052.o(.text)
    LPUART3_IRQHandler                       0x6000248b   Thumb Code     4  startup_mimxrt1052.o(.text)
    LPUART4_IRQHandler                       0x6000248f   Thumb Code     4  startup_mimxrt1052.o(.text)
    LPUART5_IRQHandler                       0x60002493   Thumb Code     4  startup_mimxrt1052.o(.text)
    LPUART6_IRQHandler                       0x60002497   Thumb Code     4  startup_mimxrt1052.o(.text)
    LPUART7_IRQHandler                       0x6000249b   Thumb Code     4  startup_mimxrt1052.o(.text)
    LPUART8_IRQHandler                       0x6000249f   Thumb Code     4  startup_mimxrt1052.o(.text)
    LPI2C1_IRQHandler                        0x600024a3   Thumb Code     4  startup_mimxrt1052.o(.text)
    LPI2C2_IRQHandler                        0x600024a7   Thumb Code     4  startup_mimxrt1052.o(.text)
    LPI2C3_IRQHandler                        0x600024ab   Thumb Code     4  startup_mimxrt1052.o(.text)
    LPI2C4_IRQHandler                        0x600024af   Thumb Code     4  startup_mimxrt1052.o(.text)
    LPSPI1_IRQHandler                        0x600024b3   Thumb Code     4  startup_mimxrt1052.o(.text)
    LPSPI2_IRQHandler                        0x600024b7   Thumb Code     4  startup_mimxrt1052.o(.text)
    LPSPI3_IRQHandler                        0x600024bb   Thumb Code     4  startup_mimxrt1052.o(.text)
    LPSPI4_IRQHandler                        0x600024bf   Thumb Code     4  startup_mimxrt1052.o(.text)
    CAN1_IRQHandler                          0x600024c3   Thumb Code     4  startup_mimxrt1052.o(.text)
    CAN2_IRQHandler                          0x600024c7   Thumb Code     4  startup_mimxrt1052.o(.text)
    SAI1_IRQHandler                          0x600024cb   Thumb Code     4  startup_mimxrt1052.o(.text)
    SAI2_IRQHandler                          0x600024cf   Thumb Code     4  startup_mimxrt1052.o(.text)
    SAI3_RX_IRQHandler                       0x600024d3   Thumb Code     4  startup_mimxrt1052.o(.text)
    SAI3_TX_IRQHandler                       0x600024d7   Thumb Code     4  startup_mimxrt1052.o(.text)
    SPDIF_IRQHandler                         0x600024db   Thumb Code     4  startup_mimxrt1052.o(.text)
    FLEXIO1_IRQHandler                       0x600024df   Thumb Code     4  startup_mimxrt1052.o(.text)
    FLEXIO2_IRQHandler                       0x600024e3   Thumb Code     4  startup_mimxrt1052.o(.text)
    FLEXSPI_IRQHandler                       0x600024e7   Thumb Code     4  startup_mimxrt1052.o(.text)
    USDHC1_IRQHandler                        0x600024eb   Thumb Code     4  startup_mimxrt1052.o(.text)
    USDHC2_IRQHandler                        0x600024ef   Thumb Code     4  startup_mimxrt1052.o(.text)
    ENET_IRQHandler                          0x600024f3   Thumb Code     4  startup_mimxrt1052.o(.text)
    ENET_1588_Timer_IRQHandler               0x600024f7   Thumb Code     4  startup_mimxrt1052.o(.text)
    ACMP1_IRQHandler                         0x600024fb   Thumb Code     0  startup_mimxrt1052.o(.text)
    ACMP2_IRQHandler                         0x600024fb   Thumb Code     0  startup_mimxrt1052.o(.text)
    ACMP3_IRQHandler                         0x600024fb   Thumb Code     0  startup_mimxrt1052.o(.text)
    ACMP4_IRQHandler                         0x600024fb   Thumb Code     0  startup_mimxrt1052.o(.text)
    ADC1_IRQHandler                          0x600024fb   Thumb Code     0  startup_mimxrt1052.o(.text)
    ADC2_IRQHandler                          0x600024fb   Thumb Code     0  startup_mimxrt1052.o(.text)
    ADC_ETC_ERROR_IRQ_IRQHandler             0x600024fb   Thumb Code     0  startup_mimxrt1052.o(.text)
    ADC_ETC_IRQ0_IRQHandler                  0x600024fb   Thumb Code     0  startup_mimxrt1052.o(.text)
    ADC_ETC_IRQ1_IRQHandler                  0x600024fb   Thumb Code     0  startup_mimxrt1052.o(.text)
    ADC_ETC_IRQ2_IRQHandler                  0x600024fb   Thumb Code     0  startup_mimxrt1052.o(.text)
    ANATOP_EVENT0_IRQHandler                 0x600024fb   Thumb Code     0  startup_mimxrt1052.o(.text)
    ANATOP_EVENT1_IRQHandler                 0x600024fb   Thumb Code     0  startup_mimxrt1052.o(.text)
    ANATOP_TAMP_LOW_HIGH_IRQHandler          0x600024fb   Thumb Code     0  startup_mimxrt1052.o(.text)
    ANATOP_TEMP_PANIC_IRQHandler             0x600024fb   Thumb Code     0  startup_mimxrt1052.o(.text)
    BEE_IRQHandler                           0x600024fb   Thumb Code     0  startup_mimxrt1052.o(.text)
    CAN1_DriverIRQHandler                    0x600024fb   Thumb Code     0  startup_mimxrt1052.o(.text)
    CAN2_DriverIRQHandler                    0x600024fb   Thumb Code     0  startup_mimxrt1052.o(.text)
    CCM_1_IRQHandler                         0x600024fb   Thumb Code     0  startup_mimxrt1052.o(.text)
    CCM_2_IRQHandler                         0x600024fb   Thumb Code     0  startup_mimxrt1052.o(.text)
    CORE_IRQHandler                          0x600024fb   Thumb Code     0  startup_mimxrt1052.o(.text)
    CSI_IRQHandler                           0x600024fb   Thumb Code     0  startup_mimxrt1052.o(.text)
    CSU_IRQHandler                           0x600024fb   Thumb Code     0  startup_mimxrt1052.o(.text)
    CTI0_ERROR_IRQHandler                    0x600024fb   Thumb Code     0  startup_mimxrt1052.o(.text)
    CTI1_ERROR_IRQHandler                    0x600024fb   Thumb Code     0  startup_mimxrt1052.o(.text)
    DCDC_IRQHandler                          0x600024fb   Thumb Code     0  startup_mimxrt1052.o(.text)
    DCP_IRQHandler                           0x600024fb   Thumb Code     0  startup_mimxrt1052.o(.text)
    DCP_VMI_IRQHandler                       0x600024fb   Thumb Code     0  startup_mimxrt1052.o(.text)
    DMA0_DMA16_DriverIRQHandler              0x600024fb   Thumb Code     0  startup_mimxrt1052.o(.text)
    DMA10_DMA26_DriverIRQHandler             0x600024fb   Thumb Code     0  startup_mimxrt1052.o(.text)
    DMA11_DMA27_DriverIRQHandler             0x600024fb   Thumb Code     0  startup_mimxrt1052.o(.text)
    DMA12_DMA28_DriverIRQHandler             0x600024fb   Thumb Code     0  startup_mimxrt1052.o(.text)
    DMA13_DMA29_DriverIRQHandler             0x600024fb   Thumb Code     0  startup_mimxrt1052.o(.text)
    DMA14_DMA30_DriverIRQHandler             0x600024fb   Thumb Code     0  startup_mimxrt1052.o(.text)
    DMA15_DMA31_DriverIRQHandler             0x600024fb   Thumb Code     0  startup_mimxrt1052.o(.text)
    DMA1_DMA17_DriverIRQHandler              0x600024fb   Thumb Code     0  startup_mimxrt1052.o(.text)
    DMA2_DMA18_DriverIRQHandler              0x600024fb   Thumb Code     0  startup_mimxrt1052.o(.text)
    DMA3_DMA19_DriverIRQHandler              0x600024fb   Thumb Code     0  startup_mimxrt1052.o(.text)
    DMA4_DMA20_DriverIRQHandler              0x600024fb   Thumb Code     0  startup_mimxrt1052.o(.text)
    DMA5_DMA21_DriverIRQHandler              0x600024fb   Thumb Code     0  startup_mimxrt1052.o(.text)
    DMA6_DMA22_DriverIRQHandler              0x600024fb   Thumb Code     0  startup_mimxrt1052.o(.text)
    DMA7_DMA23_DriverIRQHandler              0x600024fb   Thumb Code     0  startup_mimxrt1052.o(.text)
    DMA8_DMA24_DriverIRQHandler              0x600024fb   Thumb Code     0  startup_mimxrt1052.o(.text)
    DMA9_DMA25_DriverIRQHandler              0x600024fb   Thumb Code     0  startup_mimxrt1052.o(.text)
    DMA_ERROR_DriverIRQHandler               0x600024fb   Thumb Code     0  startup_mimxrt1052.o(.text)
    DefaultISR                               0x600024fb   Thumb Code     0  startup_mimxrt1052.o(.text)
    ENC1_IRQHandler                          0x600024fb   Thumb Code     0  startup_mimxrt1052.o(.text)
    ENC2_IRQHandler                          0x600024fb   Thumb Code     0  startup_mimxrt1052.o(.text)
    ENC3_IRQHandler                          0x600024fb   Thumb Code     0  startup_mimxrt1052.o(.text)
    ENC4_IRQHandler                          0x600024fb   Thumb Code     0  startup_mimxrt1052.o(.text)
    ENET_1588_Timer_DriverIRQHandler         0x600024fb   Thumb Code     0  startup_mimxrt1052.o(.text)
    ENET_DriverIRQHandler                    0x600024fb   Thumb Code     0  startup_mimxrt1052.o(.text)
    EWM_IRQHandler                           0x600024fb   Thumb Code     0  startup_mimxrt1052.o(.text)
    FLEXIO1_DriverIRQHandler                 0x600024fb   Thumb Code     0  startup_mimxrt1052.o(.text)
    FLEXIO2_DriverIRQHandler                 0x600024fb   Thumb Code     0  startup_mimxrt1052.o(.text)
    FLEXRAM_IRQHandler                       0x600024fb   Thumb Code     0  startup_mimxrt1052.o(.text)
    FLEXSPI_DriverIRQHandler                 0x600024fb   Thumb Code     0  startup_mimxrt1052.o(.text)
    GPC_IRQHandler                           0x600024fb   Thumb Code     0  startup_mimxrt1052.o(.text)
    GPIO1_Combined_16_31_IRQHandler          0x600024fb   Thumb Code     0  startup_mimxrt1052.o(.text)
    GPIO1_INT0_IRQHandler                    0x600024fb   Thumb Code     0  startup_mimxrt1052.o(.text)
    GPIO1_INT1_IRQHandler                    0x600024fb   Thumb Code     0  startup_mimxrt1052.o(.text)
    GPIO1_INT2_IRQHandler                    0x600024fb   Thumb Code     0  startup_mimxrt1052.o(.text)
    GPIO1_INT3_IRQHandler                    0x600024fb   Thumb Code     0  startup_mimxrt1052.o(.text)
    GPIO1_INT4_IRQHandler                    0x600024fb   Thumb Code     0  startup_mimxrt1052.o(.text)
    GPIO1_INT5_IRQHandler                    0x600024fb   Thumb Code     0  startup_mimxrt1052.o(.text)
    GPIO1_INT6_IRQHandler                    0x600024fb   Thumb Code     0  startup_mimxrt1052.o(.text)
    GPIO1_INT7_IRQHandler                    0x600024fb   Thumb Code     0  startup_mimxrt1052.o(.text)
    GPIO2_Combined_0_15_IRQHandler           0x600024fb   Thumb Code     0  startup_mimxrt1052.o(.text)
    GPIO2_Combined_16_31_IRQHandler          0x600024fb   Thumb Code     0  startup_mimxrt1052.o(.text)
    GPIO3_Combined_0_15_IRQHandler           0x600024fb   Thumb Code     0  startup_mimxrt1052.o(.text)
    GPIO3_Combined_16_31_IRQHandler          0x600024fb   Thumb Code     0  startup_mimxrt1052.o(.text)
    GPIO4_Combined_0_15_IRQHandler           0x600024fb   Thumb Code     0  startup_mimxrt1052.o(.text)
    GPIO4_Combined_16_31_IRQHandler          0x600024fb   Thumb Code     0  startup_mimxrt1052.o(.text)
    GPIO5_Combined_0_15_IRQHandler           0x600024fb   Thumb Code     0  startup_mimxrt1052.o(.text)
    GPIO5_Combined_16_31_IRQHandler          0x600024fb   Thumb Code     0  startup_mimxrt1052.o(.text)
    GPR_IRQ_IRQHandler                       0x600024fb   Thumb Code     0  startup_mimxrt1052.o(.text)
    GPT1_IRQHandler                          0x600024fb   Thumb Code     0  startup_mimxrt1052.o(.text)
    GPT2_IRQHandler                          0x600024fb   Thumb Code     0  startup_mimxrt1052.o(.text)
    KPP_IRQHandler                           0x600024fb   Thumb Code     0  startup_mimxrt1052.o(.text)
    LPI2C4_DriverIRQHandler                  0x600024fb   Thumb Code     0  startup_mimxrt1052.o(.text)
    LPSPI1_DriverIRQHandler                  0x600024fb   Thumb Code     0  startup_mimxrt1052.o(.text)
    LPSPI2_DriverIRQHandler                  0x600024fb   Thumb Code     0  startup_mimxrt1052.o(.text)
    LPSPI3_DriverIRQHandler                  0x600024fb   Thumb Code     0  startup_mimxrt1052.o(.text)
    LPSPI4_DriverIRQHandler                  0x600024fb   Thumb Code     0  startup_mimxrt1052.o(.text)
    NMI_WAKEUP_IRQHandler                    0x600024fb   Thumb Code     0  startup_mimxrt1052.o(.text)
    PIT_IRQHandler                           0x600024fb   Thumb Code     0  startup_mimxrt1052.o(.text)
    PWM1_0_IRQHandler                        0x600024fb   Thumb Code     0  startup_mimxrt1052.o(.text)
    PWM1_1_IRQHandler                        0x600024fb   Thumb Code     0  startup_mimxrt1052.o(.text)
    PWM1_2_IRQHandler                        0x600024fb   Thumb Code     0  startup_mimxrt1052.o(.text)
    PWM1_3_IRQHandler                        0x600024fb   Thumb Code     0  startup_mimxrt1052.o(.text)
    PWM1_FAULT_IRQHandler                    0x600024fb   Thumb Code     0  startup_mimxrt1052.o(.text)
    PWM2_0_IRQHandler                        0x600024fb   Thumb Code     0  startup_mimxrt1052.o(.text)
    PWM2_1_IRQHandler                        0x600024fb   Thumb Code     0  startup_mimxrt1052.o(.text)
    PWM2_2_IRQHandler                        0x600024fb   Thumb Code     0  startup_mimxrt1052.o(.text)
    PWM2_3_IRQHandler                        0x600024fb   Thumb Code     0  startup_mimxrt1052.o(.text)
    PWM2_FAULT_IRQHandler                    0x600024fb   Thumb Code     0  startup_mimxrt1052.o(.text)
    PWM3_0_IRQHandler                        0x600024fb   Thumb Code     0  startup_mimxrt1052.o(.text)
    PWM3_1_IRQHandler                        0x600024fb   Thumb Code     0  startup_mimxrt1052.o(.text)
    PWM3_2_IRQHandler                        0x600024fb   Thumb Code     0  startup_mimxrt1052.o(.text)
    PWM3_3_IRQHandler                        0x600024fb   Thumb Code     0  startup_mimxrt1052.o(.text)
    PWM3_FAULT_IRQHandler                    0x600024fb   Thumb Code     0  startup_mimxrt1052.o(.text)
    PWM4_0_IRQHandler                        0x600024fb   Thumb Code     0  startup_mimxrt1052.o(.text)
    PWM4_1_IRQHandler                        0x600024fb   Thumb Code     0  startup_mimxrt1052.o(.text)
    PWM4_2_IRQHandler                        0x600024fb   Thumb Code     0  startup_mimxrt1052.o(.text)
    PWM4_3_IRQHandler                        0x600024fb   Thumb Code     0  startup_mimxrt1052.o(.text)
    PWM4_FAULT_IRQHandler                    0x600024fb   Thumb Code     0  startup_mimxrt1052.o(.text)
    PXP_IRQHandler                           0x600024fb   Thumb Code     0  startup_mimxrt1052.o(.text)
    RTWDOG_IRQHandler                        0x600024fb   Thumb Code     0  startup_mimxrt1052.o(.text)
    Reserved115_IRQHandler                   0x600024fb   Thumb Code     0  startup_mimxrt1052.o(.text)
    Reserved123_IRQHandler                   0x600024fb   Thumb Code     0  startup_mimxrt1052.o(.text)
    Reserved143_IRQHandler                   0x600024fb   Thumb Code     0  startup_mimxrt1052.o(.text)
    Reserved144_IRQHandler                   0x600024fb   Thumb Code     0  startup_mimxrt1052.o(.text)
    Reserved168_IRQHandler                   0x600024fb   Thumb Code     0  startup_mimxrt1052.o(.text)
    Reserved169_IRQHandler                   0x600024fb   Thumb Code     0  startup_mimxrt1052.o(.text)
    Reserved170_IRQHandler                   0x600024fb   Thumb Code     0  startup_mimxrt1052.o(.text)
    Reserved171_IRQHandler                   0x600024fb   Thumb Code     0  startup_mimxrt1052.o(.text)
    Reserved172_IRQHandler                   0x600024fb   Thumb Code     0  startup_mimxrt1052.o(.text)
    Reserved173_IRQHandler                   0x600024fb   Thumb Code     0  startup_mimxrt1052.o(.text)
    Reserved68_IRQHandler                    0x600024fb   Thumb Code     0  startup_mimxrt1052.o(.text)
    Reserved86_IRQHandler                    0x600024fb   Thumb Code     0  startup_mimxrt1052.o(.text)
    Reserved87_IRQHandler                    0x600024fb   Thumb Code     0  startup_mimxrt1052.o(.text)
    SAI1_DriverIRQHandler                    0x600024fb   Thumb Code     0  startup_mimxrt1052.o(.text)
    SAI2_DriverIRQHandler                    0x600024fb   Thumb Code     0  startup_mimxrt1052.o(.text)
    SAI3_RX_DriverIRQHandler                 0x600024fb   Thumb Code     0  startup_mimxrt1052.o(.text)
    SAI3_TX_DriverIRQHandler                 0x600024fb   Thumb Code     0  startup_mimxrt1052.o(.text)
    SEMC_IRQHandler                          0x600024fb   Thumb Code     0  startup_mimxrt1052.o(.text)
    SJC_ARM_DEBUG_IRQHandler                 0x600024fb   Thumb Code     0  startup_mimxrt1052.o(.text)
    SJC_IRQHandler                           0x600024fb   Thumb Code     0  startup_mimxrt1052.o(.text)
    SNVS_HP_WRAPPER_IRQHandler               0x600024fb   Thumb Code     0  startup_mimxrt1052.o(.text)
    SNVS_HP_WRAPPER_TZ_IRQHandler            0x600024fb   Thumb Code     0  startup_mimxrt1052.o(.text)
    SNVS_LP_WRAPPER_IRQHandler               0x600024fb   Thumb Code     0  startup_mimxrt1052.o(.text)
    SPDIF_DriverIRQHandler                   0x600024fb   Thumb Code     0  startup_mimxrt1052.o(.text)
    SRC_IRQHandler                           0x600024fb   Thumb Code     0  startup_mimxrt1052.o(.text)
    TMR1_IRQHandler                          0x600024fb   Thumb Code     0  startup_mimxrt1052.o(.text)
    TMR2_IRQHandler                          0x600024fb   Thumb Code     0  startup_mimxrt1052.o(.text)
    TMR3_IRQHandler                          0x600024fb   Thumb Code     0  startup_mimxrt1052.o(.text)
    TMR4_IRQHandler                          0x600024fb   Thumb Code     0  startup_mimxrt1052.o(.text)
    TRNG_IRQHandler                          0x600024fb   Thumb Code     0  startup_mimxrt1052.o(.text)
    TSC_DIG_IRQHandler                       0x600024fb   Thumb Code     0  startup_mimxrt1052.o(.text)
    USB_OTG1_IRQHandler                      0x600024fb   Thumb Code     0  startup_mimxrt1052.o(.text)
    USB_OTG2_IRQHandler                      0x600024fb   Thumb Code     0  startup_mimxrt1052.o(.text)
    USB_PHY1_IRQHandler                      0x600024fb   Thumb Code     0  startup_mimxrt1052.o(.text)
    USB_PHY2_IRQHandler                      0x600024fb   Thumb Code     0  startup_mimxrt1052.o(.text)
    USDHC1_DriverIRQHandler                  0x600024fb   Thumb Code     0  startup_mimxrt1052.o(.text)
    USDHC2_DriverIRQHandler                  0x600024fb   Thumb Code     0  startup_mimxrt1052.o(.text)
    WDOG1_IRQHandler                         0x600024fb   Thumb Code     0  startup_mimxrt1052.o(.text)
    WDOG2_IRQHandler                         0x600024fb   Thumb Code     0  startup_mimxrt1052.o(.text)
    XBAR1_IRQ_0_1_IRQHandler                 0x600024fb   Thumb Code     0  startup_mimxrt1052.o(.text)
    XBAR1_IRQ_2_3_IRQHandler                 0x600024fb   Thumb Code     0  startup_mimxrt1052.o(.text)
    __aeabi_uldivmod                         0x600025d1   Thumb Code    98  uldiv.o(.text)
    __aeabi_ldivmod                          0x60002633   Thumb Code    98  ldiv.o(.text)
    ___aeabi_memcpy8$move                    0x60002695   Thumb Code     0  memmovea.o(.text)
    __aeabi_memcpy                           0x60002695   Thumb Code    64  memmovea.o(.text)
    __aeabi_memcpy4                          0x60002695   Thumb Code     0  memmovea.o(.text)
    __aeabi_memmove                          0x60002695   Thumb Code     0  memmovea.o(.text)
    __aeabi_memmove4                         0x60002695   Thumb Code     0  memmovea.o(.text)
    __aeabi_memmove8                         0x60002695   Thumb Code     0  memmovea.o(.text)
    __aeabi_memset                           0x600026d5   Thumb Code    14  memseta.o(.text)
    __aeabi_memset4                          0x600026d5   Thumb Code     0  memseta.o(.text)
    __aeabi_memset8                          0x600026d5   Thumb Code     0  memseta.o(.text)
    __aeabi_memclr                           0x600026e3   Thumb Code     4  memseta.o(.text)
    __aeabi_memclr4                          0x600026e3   Thumb Code     0  memseta.o(.text)
    __aeabi_memclr8                          0x600026e3   Thumb Code     0  memseta.o(.text)
    _memset$wrapper                          0x600026e7   Thumb Code    18  memseta.o(.text)
    strlen                                   0x600026f9   Thumb Code    14  strlen.o(.text)
    __aeabi_l2d                              0x60002707   Thumb Code    40  dfltl.o(.text)
    __aeabi_d2lz                             0x6000272f   Thumb Code    74  dfixl.o(.text)
    __aeabi_llsl                             0x60002779   Thumb Code    30  llshl.o(.text)
    _ll_shift_l                              0x60002779   Thumb Code     0  llshl.o(.text)
    __aeabi_llsr                             0x60002797   Thumb Code    32  llushr.o(.text)
    _ll_ushift_r                             0x60002797   Thumb Code     0  llushr.o(.text)
    __I$use$fp                               0x600027b7   Thumb Code     0  iusefp.o(.text)
    _double_round                            0x600027b7   Thumb Code    30  depilogue.o(.text)
    _double_epilogue                         0x600027d5   Thumb Code   156  depilogue.o(.text)
    __ARM_scalbn                             0x60002871   Thumb Code    46  dscalb.o(.text)
    scalbn                                   0x60002871   Thumb Code     0  dscalb.o(.text)
    __scatterload                            0x600028a1   Thumb Code    28  init.o(.text)
    __scatterload_rt2                        0x600028a1   Thumb Code     0  init.o(.text)
    __decompress                             0x600028c5   Thumb Code     0  __dczerorl2.o(.text)
    __decompress1                            0x600028c5   Thumb Code    86  __dczerorl2.o(.text)
    BOARD_BootClockRUN                       0x6000291d   Thumb Code   598  clock_config.o(i.BOARD_BootClockRUN)
    BOARD_ConfigMPU                          0x60002c11   Thumb Code   390  board.o(i.BOARD_ConfigMPU)
    BOARD_DebugConsoleSrcFreq                0x60002dc5   Thumb Code    92  board.o(i.BOARD_DebugConsoleSrcFreq)
    BOARD_InitDebugConsole                   0x60002e3d   Thumb Code    24  board.o(i.BOARD_InitDebugConsole)
    BOARD_InitPins                           0x60002e59   Thumb Code   104  pin_mux.o(i.BOARD_InitPins)
    CLOCK_GetFreq                            0x60003145   Thumb Code   344  fsl_clock.o(i.CLOCK_GetFreq)
    CLOCK_GetPllFreq                         0x600033a1   Thumb Code   530  fsl_clock.o(i.CLOCK_GetPllFreq)
    CLOCK_GetSysPfdFreq                      0x600035cd   Thumb Code   100  fsl_clock.o(i.CLOCK_GetSysPfdFreq)
    CLOCK_GetUsb1PfdFreq                     0x60003639   Thumb Code   100  fsl_clock.o(i.CLOCK_GetUsb1PfdFreq)
    CLOCK_InitArmPll                         0x600036a5   Thumb Code    30  fsl_clock.o(i.CLOCK_InitArmPll)
    CLOCK_InitSysPll                         0x600036c9   Thumb Code    30  fsl_clock.o(i.CLOCK_InitSysPll)
    CLOCK_InitVideoPll                       0x600036ed   Thumb Code   140  fsl_clock.o(i.CLOCK_InitVideoPll)
    CPU_TS_TmrInit                           0x60003b49   Thumb Code    30  core_delay.o(i.CPU_TS_TmrInit)
    CPU_TS_TmrRd                             0x60003b71   Thumb Code     6  core_delay.o(i.CPU_TS_TmrRd)
    CPU_TS_Tmr_Delay_US                      0x60003b7d   Thumb Code    82  core_delay.o(i.CPU_TS_Tmr_Delay_US)
    DbgConsole_Init                          0x60003ed1   Thumb Code    42  fsl_debug_console.o(i.DbgConsole_Init)
    DbgConsole_Printf                        0x60003f59   Thumb Code    60  fsl_debug_console.o(i.DbgConsole_Printf)
    ELCDIF_Reset                             0x60004151   Thumb Code    66  fsl_elcdif.o(i.ELCDIF_Reset)
    ELCDIF_RgbModeInit                       0x60004195   Thumb Code   208  fsl_elcdif.o(i.ELCDIF_RgbModeInit)
    GPIO1_Combined_0_15_IRQHandler           0x60004305   Thumb Code    34  bsp_i2c_touch.o(i.GPIO1_Combined_0_15_IRQHandler)
    GPIO_PinInit                             0x600043ad   Thumb Code    92  fsl_gpio.o(i.GPIO_PinInit)
    GPIO_PinSetInterruptConfig               0x6000440d   Thumb Code   138  fsl_gpio.o(i.GPIO_PinSetInterruptConfig)
    GPIO_PinWrite                            0x60004499   Thumb Code    50  fsl_gpio.o(i.GPIO_PinWrite)
    GTP_IRQEnable                            0x60004781   Thumb Code    80  bsp_i2c_touch.o(i.GTP_IRQEnable)
    GTP_Init_Panel                           0x600047d5   Thumb Code   200  gt9xx.o(i.GTP_Init_Panel)
    GTP_Read_Version                         0x600048d9   Thumb Code   194  gt9xx.o(i.GTP_Read_Version)
    GTP_ResetChip                            0x60004a31   Thumb Code   110  bsp_i2c_touch.o(i.GTP_ResetChip)
    GTP_TouchProcess                         0x60004aa9   Thumb Code    12  gt9xx.o(i.GTP_TouchProcess)
    I2C_ReadBytes                            0x60004e89   Thumb Code   120  bsp_i2c_touch.o(i.I2C_ReadBytes)
    I2C_Touch_Init                           0x60004f4d   Thumb Code    20  bsp_i2c_touch.o(i.I2C_Touch_Init)
    I2C_WriteBytes                           0x60004fe1   Thumb Code   120  bsp_i2c_touch.o(i.I2C_WriteBytes)
    IO_Init                                  0x600050fd   Thumb Code   130  fsl_io.o(i.IO_Init)
    IO_Transfer                              0x600051b9   Thumb Code    64  fsl_io.o(i.IO_Transfer)
    LCDIF_IRQHandler                         0x600051fd   Thumb Code    42  bsp_lcd.o(i.LCDIF_IRQHandler)
    LCD_BackLight_ON                         0x60005235   Thumb Code    20  bsp_lcd.o(i.LCD_BackLight_ON)
    LCD_Clear                                0x60005251   Thumb Code    40  bsp_lcd.o(i.LCD_Clear)
    LCD_DispString                           0x6000527d   Thumb Code    84  bsp_lcd.o(i.LCD_DispString)
    LCD_DisplayChar                          0x600052d5   Thumb Code   252  bsp_lcd.o(i.LCD_DisplayChar)
    LCD_DrawFullRect                         0x600053e1   Thumb Code   144  bsp_lcd.o(i.LCD_DrawFullRect)
    LCD_DrawLine                             0x60005479   Thumb Code   124  bsp_lcd.o(i.LCD_DrawLine)
    LCD_DrawRect                             0x600054fd   Thumb Code   116  bsp_lcd.o(i.LCD_DrawRect)
    LCD_Init                                 0x600059cd   Thumb Code    44  bsp_lcd.o(i.LCD_Init)
    LCD_InitClock                            0x60005a01   Thumb Code    42  bsp_lcd.o(i.LCD_InitClock)
    LCD_InterruptConfig                      0x60005a3d   Thumb Code    56  bsp_lcd.o(i.LCD_InterruptConfig)
    LCD_SetColors                            0x60005a7d   Thumb Code    10  bsp_lcd.o(i.LCD_SetColors)
    LCD_SetFont                              0x60005a91   Thumb Code     6  bsp_lcd.o(i.LCD_SetFont)
    LED_GPIO_Config                          0x60005a9d   Thumb Code    16  bsp_led.o(i.LED_GPIO_Config)
    LOG_Init                                 0x60005bbd   Thumb Code    36  fsl_log.o(i.LOG_Init)
    LOG_Pop                                  0x60005be1   Thumb Code    34  fsl_log.o(i.LOG_Pop)
    LOG_Push                                 0x60005c05   Thumb Code    32  fsl_log.o(i.LOG_Push)
    LPI2C1_DriverIRQHandler                  0x60005c59   Thumb Code    12  fsl_lpi2c.o(i.LPI2C1_DriverIRQHandler)
    LPI2C2_DriverIRQHandler                  0x60005c69   Thumb Code    12  fsl_lpi2c.o(i.LPI2C2_DriverIRQHandler)
    LPI2C3_DriverIRQHandler                  0x60005c79   Thumb Code    12  fsl_lpi2c.o(i.LPI2C3_DriverIRQHandler)
    LPI2C_CheckForBusyBus                    0x60005c89   Thumb Code    34  fsl_lpi2c.o(i.LPI2C_CheckForBusyBus)
    LPI2C_GetInstance                        0x60005d41   Thumb Code    38  fsl_lpi2c.o(i.LPI2C_GetInstance)
    LPI2C_MasterCheckAndClearError           0x60005e5d   Thumb Code    98  fsl_lpi2c.o(i.LPI2C_MasterCheckAndClearError)
    LPI2C_MasterGetDefaultConfig             0x60005f0d   Thumb Code    44  fsl_lpi2c.o(i.LPI2C_MasterGetDefaultConfig)
    LPI2C_MasterInit                         0x60005f59   Thumb Code   302  fsl_lpi2c.o(i.LPI2C_MasterInit)
    LPI2C_MasterSetBaudRate                  0x6000609d   Thumb Code   286  fsl_lpi2c.o(i.LPI2C_MasterSetBaudRate)
    LPI2C_MasterTransferCreateHandle         0x600061c1   Thumb Code    84  fsl_lpi2c.o(i.LPI2C_MasterTransferCreateHandle)
    LPI2C_MasterTransferHandleIRQ            0x60006251   Thumb Code    70  fsl_lpi2c.o(i.LPI2C_MasterTransferHandleIRQ)
    LPI2C_MasterTransferNonBlocking          0x60006299   Thumb Code   148  fsl_lpi2c.o(i.LPI2C_MasterTransferNonBlocking)
    LPUART1_DriverIRQHandler                 0x60006545   Thumb Code    16  fsl_lpuart.o(i.LPUART1_DriverIRQHandler)
    LPUART2_DriverIRQHandler                 0x60006561   Thumb Code    16  fsl_lpuart.o(i.LPUART2_DriverIRQHandler)
    LPUART3_DriverIRQHandler                 0x6000657d   Thumb Code    16  fsl_lpuart.o(i.LPUART3_DriverIRQHandler)
    LPUART4_DriverIRQHandler                 0x60006599   Thumb Code    16  fsl_lpuart.o(i.LPUART4_DriverIRQHandler)
    LPUART5_DriverIRQHandler                 0x600065b5   Thumb Code    16  fsl_lpuart.o(i.LPUART5_DriverIRQHandler)
    LPUART6_DriverIRQHandler                 0x600065d1   Thumb Code    16  fsl_lpuart.o(i.LPUART6_DriverIRQHandler)
    LPUART7_DriverIRQHandler                 0x600065ed   Thumb Code    16  fsl_lpuart.o(i.LPUART7_DriverIRQHandler)
    LPUART8_DriverIRQHandler                 0x60006609   Thumb Code    16  fsl_lpuart.o(i.LPUART8_DriverIRQHandler)
    LPUART_ClearStatusFlags                  0x60006625   Thumb Code    82  fsl_lpuart.o(i.LPUART_ClearStatusFlags)
    LPUART_GetDefaultConfig                  0x6000667d   Thumb Code    58  fsl_lpuart.o(i.LPUART_GetDefaultConfig)
    LPUART_GetInstance                       0x600066e9   Thumb Code    48  fsl_lpuart.o(i.LPUART_GetInstance)
    LPUART_GetStatusFlags                    0x6000676d   Thumb Code    16  fsl_lpuart.o(i.LPUART_GetStatusFlags)
    LPUART_Init                              0x6000677d   Thumb Code   548  fsl_lpuart.o(i.LPUART_Init)
    LPUART_ReadBlocking                      0x60006a71   Thumb Code   210  fsl_lpuart.o(i.LPUART_ReadBlocking)
    LPUART_WriteBlocking                     0x60006b75   Thumb Code    54  fsl_lpuart.o(i.LPUART_WriteBlocking)
    Palette_Init                             0x60006bdd   Thumb Code    50  palette.o(i.Palette_Init)
    StrFormatPrintf                          0x60006ee5   Thumb Code  1576  fsl_str.o(i.StrFormatPrintf)
    SystemInit                               0x6000750d   Thumb Code   158  system_mimxrt1052.o(i.SystemInit)
    SystemInitHook                           0x600075c1   Thumb Code     2  system_mimxrt1052.o(i.SystemInitHook)
    Touch_Button_Down                        0x600075c5   Thumb Code   178  palette.o(i.Touch_Button_Down)
    Touch_Button_Init                        0x6000767d   Thumb Code   852  palette.o(i.Touch_Button_Init)
    Touch_Button_Up                          0x60007a21   Thumb Code   116  palette.o(i.Touch_Button_Up)
    __ARM_fpclassify                         0x60007a99   Thumb Code    48  fpclassify.o(i.__ARM_fpclassify)
    __aeabi_assert                           0x60007ac9   Thumb Code    24  fsl_assert.o(i.__aeabi_assert)
    __hardfp_modf                            0x60007b0d   Thumb Code   186  modf.o(i.__hardfp_modf)
    __hardfp_pow                             0x60007bd1   Thumb Code  2140  pow.o(i.__hardfp_pow)
    __kernel_poly                            0x600084c9   Thumb Code   112  poly.o(i.__kernel_poly)
    __mathlib_dbl_divzero                    0x60008539   Thumb Code    14  dunder.o(i.__mathlib_dbl_divzero)
    __mathlib_dbl_infnan2                    0x60008559   Thumb Code     6  dunder.o(i.__mathlib_dbl_infnan2)
    __mathlib_dbl_invalid                    0x60008561   Thumb Code    10  dunder.o(i.__mathlib_dbl_invalid)
    __mathlib_dbl_overflow                   0x60008579   Thumb Code    10  dunder.o(i.__mathlib_dbl_overflow)
    __mathlib_dbl_underflow                  0x60008591   Thumb Code    10  dunder.o(i.__mathlib_dbl_underflow)
    __scatterload_copy                       0x600085a9   Thumb Code    14  handlers.o(i.__scatterload_copy)
    __scatterload_null                       0x600085b7   Thumb Code     2  handlers.o(i.__scatterload_null)
    __scatterload_zeroinit                   0x600085b9   Thumb Code    14  handlers.o(i.__scatterload_zeroinit)
    __set_errno                              0x600085c9   Thumb Code     6  errno.o(i.__set_errno)
    fabs                                     0x600085d5   Thumb Code    24  fabs.o(i.fabs)
    main                                     0x600085ed   Thumb Code   242  main.o(i.main)
    sqrt                                     0x6000881d   Thumb Code   106  sqrt.o(i.sqrt)
    armPllConfig_BOARD_BootClockRUN          0x60008934   Data           4  clock_config.o(.constdata)
    sysPllConfig_BOARD_BootClockRUN          0x60008938   Data          12  clock_config.o(.constdata)
    usb1PllConfig_BOARD_BootClockRUN         0x60008944   Data           1  clock_config.o(.constdata)
    ASCII8x16_Table                          0x6000896f   Data        1520  fonts.o(.constdata)
    ASCII16x32_Table                         0x60008f5f   Data        6080  fonts.o(.constdata)
    ASCII24x48_Table                         0x6000a71f   Data       13680  fonts.o(.constdata)
    CTP_CFG_GT9157                           0x6000dc94   Data         186  gt9xx.o(.constdata)
    CTP_CFG_GT911                            0x6000dd4e   Data         186  gt9xx.o(.constdata)
    __mathlib_zero                           0x6000dfa0   Data           8  qnan.o(.constdata)
    Region$$Table$$Base                      0x6000e04c   Number         0  anon$$obj.o(Region$$Table)
    Region$$Table$$Limit                     0x6000e07c   Number         0  anon$$obj.o(Region$$Table)
    s_psBufferLcd                            0x81c00000   Data       3072000  bsp_lcd.o(NonCacheable)
    Image$$ARM_LIB_HEAP$$ZI$$Base            0x81eee000   Number         0  anon$$obj.o ABSOLUTE
    Image$$ARM_LIB_HEAP$$ZI$$Limit           0x81eee400   Number         0  anon$$obj.o ABSOLUTE



==============================================================================

Memory Map of the image

  Image Entry point : 0x60002401

  Load Region LR_m_rom_config (Base: 0x60000000, Size: 0x00000200, Max: 0x00001000, ABSOLUTE)

    Execution Region RW_m_config_text (Exec base: 0x60000000, Load base: 0x60000000, Size: 0x00000200, Max: 0x00001000, ABSOLUTE)

    Exec Addr    Load Addr    Size         Type   Attr      Idx    E Section Name        Object

    0x60000000   0x60000000   0x00000200   Data   RO         2502    .boot_hdr.conf      fire_imxrt1052_spiflash_config.o



  Load Region LR_m_rom_ivt (Base: 0x60001000, Size: 0x00000460, Max: 0x00001000, ABSOLUTE)

    Execution Region RW_m_ivt_text (Exec base: 0x60001000, Load base: 0x60001000, Size: 0x00000460, Max: 0x00001000, ABSOLUTE)

    Exec Addr    Load Addr    Size         Type   Attr      Idx    E Section Name        Object

    0x60001000   0x60001000   0x00000020   Data   RO         2527    .boot_hdr.ivt       fsl_flexspi_nor_boot.o
    0x60001020   0x60001020   0x00000010   Data   RO         2526    .boot_hdr.boot_data  fsl_flexspi_nor_boot.o
    0x60001030   0x60001030   0x00000430   Data   RO         2487    .boot_hdr.dcd_data  fire_imxrt1052_sdram_ini_dcd.o



  Load Region LR_m_text (Base: 0x60002000, Size: 0x0000c208, Max: 0x61fffc00, ABSOLUTE, COMPRESSED[0x0000c0bc])

    Execution Region RW_m_data (Exec base: 0x20000000, Load base: 0x6000e07c, Size: 0x000003e4, Max: 0x0001f800, ABSOLUTE, COMPRESSED[0x00000040])

    Exec Addr    Load Addr    Size         Type   Attr      Idx    E Section Name        Object

    0x20000000   COMPRESSED   0x00000004   Data   RW           11    .data               system_mimxrt1052.o
    0x20000004   COMPRESSED   0x00000008   Data   RW          130    .data               fsl_clock.o
    0x2000000c   COMPRESSED   0x00000004   Data   RW          452    .data               fsl_lpuart.o
    0x20000010   COMPRESSED   0x00000028   Data   RW          707    .data               fsl_elcdif.o
    0x20000038   COMPRESSED   0x00000008   Data   RW          831    .data               fsl_lpi2c.o
    0x20000040   COMPRESSED   0x00000008   Data   RW         1499    .data               fsl_io.o
    0x20000048   COMPRESSED   0x00000014   Data   RW         1915    .data               bsp_lcd.o
    0x2000005c   COMPRESSED   0x00000018   Data   RW         2106    .data               fonts.o
    0x20000074   COMPRESSED   0x00000002   Data   RW         2140    .data               bsp_i2c_touch.o
    0x20000076   COMPRESSED   0x0000010f   Data   RW         2282    .data               gt9xx.o
    0x20000185   COMPRESSED   0x00000003   PAD
    0x20000188   COMPRESSED   0x00000004   Data   RW         2688    .data               mc_w.l(errno.o)
    0x2000018c        -       0x00000024   Zero   RW          450    .bss                fsl_lpuart.o
    0x200001b0        -       0x00000020   Zero   RW          829    .bss                fsl_lpi2c.o
    0x200001d0        -       0x00000038   Zero   RW         2138    .bss                bsp_i2c_touch.o
    0x20000208        -       0x000001dc   Zero   RW         2396    .bss                palette.o


    Execution Region ARM_LIB_STACK (Exec base: 0x2001fc00, Load base: 0x6000e0bc, Size: 0x00000400, Max: 0x00000400, ABSOLUTE)

    Exec Addr    Load Addr    Size         Type   Attr      Idx    E Section Name        Object

    0x2001fc00        -       0x00000400   Zero   RW            2    ARM_LIB_STACK.bss   anon$$obj.o


    Execution Region VECTOR_ROM (Exec base: 0x60002000, Load base: 0x60002000, Size: 0x00000400, Max: 0x00000400, ABSOLUTE)

    Exec Addr    Load Addr    Size         Type   Attr      Idx    E Section Name        Object

    0x60002000   0x60002000   0x00000400   Data   RO           86    RESET               startup_mimxrt1052.o


    Execution Region ER_m_text (Exec base: 0x60002400, Load base: 0x60002400, Size: 0x0000bc7c, Max: 0x01ffdc00, ABSOLUTE)

    Exec Addr    Load Addr    Size         Type   Attr      Idx    E Section Name        Object

    0x60002400   0x60002400   0x00000000   Code   RO         2575  * .ARM.Collect$$$$00000000  mc_w.l(entry.o)
    0x60002400   0x60002400   0x00000004   Code   RO         2665    .ARM.Collect$$$$00000003  mc_w.l(entry4.o)
    0x60002404   0x60002404   0x00000004   Code   RO         2668    .ARM.Collect$$$$00000004  mc_w.l(entry5.o)
    0x60002408   0x60002408   0x00000000   Code   RO         2670    .ARM.Collect$$$$00000008  mc_w.l(entry7b.o)
    0x60002408   0x60002408   0x00000000   Code   RO         2672    .ARM.Collect$$$$0000000A  mc_w.l(entry8b.o)
    0x60002408   0x60002408   0x00000008   Code   RO         2673    .ARM.Collect$$$$0000000B  mc_w.l(entry9a.o)
    0x60002410   0x60002410   0x00000000   Code   RO         2675    .ARM.Collect$$$$0000000D  mc_w.l(entry10a.o)
    0x60002410   0x60002410   0x00000000   Code   RO         2677    .ARM.Collect$$$$0000000F  mc_w.l(entry11a.o)
    0x60002410   0x60002410   0x00000004   Code   RO         2666    .ARM.Collect$$$$00002714  mc_w.l(entry4.o)
    0x60002414   0x60002414   0x000001bc   Code   RO           87    .text               startup_mimxrt1052.o
    0x600025d0   0x600025d0   0x00000062   Code   RO         2578    .text               mc_w.l(uldiv.o)
    0x60002632   0x60002632   0x00000062   Code   RO         2580    .text               mc_w.l(ldiv.o)
    0x60002694   0x60002694   0x00000040   Code   RO         2584    .text               mc_w.l(memmovea.o)
    0x600026d4   0x600026d4   0x00000024   Code   RO         2586    .text               mc_w.l(memseta.o)
    0x600026f8   0x600026f8   0x0000000e   Code   RO         2588    .text               mc_w.l(strlen.o)
    0x60002706   0x60002706   0x00000028   Code   RO         2624    .text               mf_w.l(dfltl.o)
    0x6000272e   0x6000272e   0x0000004a   Code   RO         2626    .text               mf_w.l(dfixl.o)
    0x60002778   0x60002778   0x0000001e   Code   RO         2679    .text               mc_w.l(llshl.o)
    0x60002796   0x60002796   0x00000020   Code   RO         2681    .text               mc_w.l(llushr.o)
    0x600027b6   0x600027b6   0x00000000   Code   RO         2694    .text               mc_w.l(iusefp.o)
    0x600027b6   0x600027b6   0x000000ba   Code   RO         2695    .text               mf_w.l(depilogue.o)
    0x60002870   0x60002870   0x0000002e   Code   RO         2697    .text               mf_w.l(dscalb.o)
    0x6000289e   0x6000289e   0x00000002   PAD
    0x600028a0   0x600028a0   0x00000024   Code   RO         2699    .text               mc_w.l(init.o)
    0x600028c4   0x600028c4   0x00000056   Code   RO         2730    .text               mc_w.l(__dczerorl2.o)
    0x6000291a   0x6000291a   0x00000002   PAD
    0x6000291c   0x6000291c   0x000002f4   Code   RO         1622    i.BOARD_BootClockRUN  clock_config.o
    0x60002c10   0x60002c10   0x000001b4   Code   RO         1545    i.BOARD_ConfigMPU   board.o
    0x60002dc4   0x60002dc4   0x00000078   Code   RO         1546    i.BOARD_DebugConsoleSrcFreq  board.o
    0x60002e3c   0x60002e3c   0x0000001c   Code   RO         1547    i.BOARD_InitDebugConsole  board.o
    0x60002e58   0x60002e58   0x00000070   Code   RO         1674    i.BOARD_InitPins    pin_mux.o
    0x60002ec8   0x60002ec8   0x00000070   Code   RO          414    i.CLOCK_ControlGate  fsl_lpuart.o
    0x60002f38   0x60002f38   0x00000070   Code   RO          696    i.CLOCK_ControlGate  fsl_elcdif.o
    0x60002fa8   0x60002fa8   0x00000070   Code   RO          777    i.CLOCK_ControlGate  fsl_lpi2c.o
    0x60003018   0x60003018   0x00000078   Code   RO          359    i.CLOCK_EnableClock  fsl_gpio.o
    0x60003090   0x60003090   0x0000000e   Code   RO          698    i.CLOCK_EnableClock  fsl_elcdif.o
    0x6000309e   0x6000309e   0x0000000e   Code   RO          779    i.CLOCK_EnableClock  fsl_lpi2c.o
    0x600030ac   0x600030ac   0x00000078   Code   RO         1675    i.CLOCK_EnableClock  pin_mux.o
    0x60003124   0x60003124   0x00000020   Code   RO         1548    i.CLOCK_GetDiv      board.o
    0x60003144   0x60003144   0x00000174   Code   RO          111    i.CLOCK_GetFreq     fsl_clock.o
    0x600032b8   0x600032b8   0x00000020   Code   RO          112    i.CLOCK_GetOscFreq  fsl_clock.o
    0x600032d8   0x600032d8   0x000000c8   Code   RO          113    i.CLOCK_GetPeriphClkFreq  fsl_clock.o
    0x600033a0   0x600033a0   0x0000022c   Code   RO          114    i.CLOCK_GetPllFreq  fsl_clock.o
    0x600035cc   0x600035cc   0x0000006c   Code   RO          115    i.CLOCK_GetSysPfdFreq  fsl_clock.o
    0x60003638   0x60003638   0x0000006c   Code   RO          116    i.CLOCK_GetUsb1PfdFreq  fsl_clock.o
    0x600036a4   0x600036a4   0x00000024   Code   RO          117    i.CLOCK_InitArmPll  fsl_clock.o
    0x600036c8   0x600036c8   0x00000024   Code   RO          123    i.CLOCK_InitSysPll  fsl_clock.o
    0x600036ec   0x600036ec   0x00000090   Code   RO          127    i.CLOCK_InitVideoPll  fsl_clock.o
    0x6000377c   0x6000377c   0x000000ac   Code   RO         1624    i.CLOCK_SetDiv      clock_config.o
    0x60003828   0x60003828   0x000000ac   Code   RO         1881    i.CLOCK_SetDiv      bsp_lcd.o
    0x600038d4   0x600038d4   0x00000070   Code   RO         2121    i.CLOCK_SetDiv      bsp_i2c_touch.o
    0x60003944   0x60003944   0x000000ac   Code   RO         1625    i.CLOCK_SetMux      clock_config.o
    0x600039f0   0x600039f0   0x000000ac   Code   RO         1882    i.CLOCK_SetMux      bsp_lcd.o
    0x60003a9c   0x60003a9c   0x000000ac   Code   RO         2122    i.CLOCK_SetMux      bsp_i2c_touch.o
    0x60003b48   0x60003b48   0x00000028   Code   RO         1724    i.CPU_TS_TmrInit    core_delay.o
    0x60003b70   0x60003b70   0x0000000c   Code   RO         1725    i.CPU_TS_TmrRd      core_delay.o
    0x60003b7c   0x60003b7c   0x00000058   Code   RO         1726    i.CPU_TS_Tmr_Delay_US  core_delay.o
    0x60003bd4   0x60003bd4   0x000001ae   Code   RO         1373    i.ConvertFloatRadixNumToString  fsl_str.o
    0x60003d82   0x60003d82   0x0000014c   Code   RO         1374    i.ConvertRadixNumToString  fsl_str.o
    0x60003ece   0x60003ece   0x00000002   PAD
    0x60003ed0   0x60003ed0   0x00000088   Code   RO         1274    i.DbgConsole_Init   fsl_debug_console.o
    0x60003f58   0x60003f58   0x00000040   Code   RO         1275    i.DbgConsole_Printf  fsl_debug_console.o
    0x60003f98   0x60003f98   0x0000003e   Code   RO         1277    i.DbgConsole_RelocateLog  fsl_debug_console.o
    0x60003fd6   0x60003fd6   0x00000012   Code   RO         2262    i.Delay             gt9xx.o
    0x60003fe8   0x60003fe8   0x000000e4   Code   RO         2387    i.Draw_Clear_Button  palette.o
    0x600040cc   0x600040cc   0x00000084   Code   RO          700    i.ELCDIF_GetInstance  fsl_elcdif.o
    0x60004150   0x60004150   0x00000042   Code   RO          701    i.ELCDIF_Reset      fsl_elcdif.o
    0x60004192   0x60004192   0x00000002   PAD
    0x60004194   0x60004194   0x00000144   Code   RO          703    i.ELCDIF_RgbModeInit  fsl_elcdif.o
    0x600042d8   0x600042d8   0x0000002c   Code   RO          780    i.EnableIRQ         fsl_lpi2c.o
    0x60004304   0x60004304   0x0000002c   Code   RO         2123    i.GPIO1_Combined_0_15_IRQHandler  bsp_i2c_touch.o
    0x60004330   0x60004330   0x0000007c   Code   RO          360    i.GPIO_GetInstance  fsl_gpio.o
    0x600043ac   0x600043ac   0x00000060   Code   RO          361    i.GPIO_PinInit      fsl_gpio.o
    0x6000440c   0x6000440c   0x0000008a   Code   RO          362    i.GPIO_PinSetInterruptConfig  fsl_gpio.o
    0x60004496   0x60004496   0x00000002   PAD
    0x60004498   0x60004498   0x00000064   Code   RO          363    i.GPIO_PinWrite     fsl_gpio.o
    0x600044fc   0x600044fc   0x00000008   Code   RO         2124    i.GPIO_PortEnableInterrupts  bsp_i2c_touch.o
    0x60004504   0x60004504   0x000000c8   Code   RO         2263    i.GTP_Get_Info      gt9xx.o
    0x600045cc   0x600045cc   0x00000060   Code   RO         2125    i.GTP_I2C_ModeInit  bsp_i2c_touch.o
    0x6000462c   0x6000462c   0x00000084   Code   RO         2264    i.GTP_I2C_Read      gt9xx.o
    0x600046b0   0x600046b0   0x00000070   Code   RO         2266    i.GTP_I2C_Test      gt9xx.o
    0x60004720   0x60004720   0x00000060   Code   RO         2267    i.GTP_I2C_Write     gt9xx.o
    0x60004780   0x60004780   0x00000054   Code   RO         2127    i.GTP_IRQEnable     bsp_i2c_touch.o
    0x600047d4   0x600047d4   0x00000104   Code   RO         2270    i.GTP_Init_Panel    gt9xx.o
    0x600048d8   0x600048d8   0x00000158   Code   RO         2271    i.GTP_Read_Version  gt9xx.o
    0x60004a30   0x60004a30   0x00000078   Code   RO         2128    i.GTP_ResetChip     bsp_i2c_touch.o
    0x60004aa8   0x60004aa8   0x0000000c   Code   RO         2274    i.GTP_TouchProcess  gt9xx.o
    0x60004ab4   0x60004ab4   0x0000007c   Code   RO         2275    i.GTP_Touch_Down    gt9xx.o
    0x60004b30   0x60004b30   0x00000070   Code   RO         2276    i.GTP_Touch_Up      gt9xx.o
    0x60004ba0   0x60004ba0   0x000001f0   Code   RO         2278    i.Goodix_TS_Work_Func  gt9xx.o
    0x60004d90   0x60004d90   0x00000070   Code   RO         2129    i.I2C_GTP_IOMUXC_MUX_Config  bsp_i2c_touch.o
    0x60004e00   0x60004e00   0x00000078   Code   RO         2130    i.I2C_GTP_IOMUXC_PAD_Config  bsp_i2c_touch.o
    0x60004e78   0x60004e78   0x00000010   Code   RO         2131    i.I2C_Master_Callback  bsp_i2c_touch.o
    0x60004e88   0x60004e88   0x00000084   Code   RO         2132    i.I2C_ReadBytes     bsp_i2c_touch.o
    0x60004f0c   0x60004f0c   0x00000040   Code   RO         2133    i.I2C_Timeout_Callback  bsp_i2c_touch.o
    0x60004f4c   0x60004f4c   0x00000014   Code   RO         2134    i.I2C_Touch_Init    bsp_i2c_touch.o
    0x60004f60   0x60004f60   0x0000007e   Code   RO         2279    i.I2C_Transfer      gt9xx.o
    0x60004fde   0x60004fde   0x00000002   PAD
    0x60004fe0   0x60004fe0   0x00000084   Code   RO         2135    i.I2C_WriteBytes    bsp_i2c_touch.o
    0x60005064   0x60005064   0x0000000c   Code   RO         1676    i.IOMUXC_SetPinConfig  pin_mux.o
    0x60005070   0x60005070   0x0000000c   Code   RO         1829    i.IOMUXC_SetPinConfig  bsp_led.o
    0x6000507c   0x6000507c   0x0000000c   Code   RO         1883    i.IOMUXC_SetPinConfig  bsp_lcd.o
    0x60005088   0x60005088   0x0000000c   Code   RO         2136    i.IOMUXC_SetPinConfig  bsp_i2c_touch.o
    0x60005094   0x60005094   0x0000001a   Code   RO         1677    i.IOMUXC_SetPinMux  pin_mux.o
    0x600050ae   0x600050ae   0x0000001a   Code   RO         1830    i.IOMUXC_SetPinMux  bsp_led.o
    0x600050c8   0x600050c8   0x0000001a   Code   RO         1884    i.IOMUXC_SetPinMux  bsp_lcd.o
    0x600050e2   0x600050e2   0x0000001a   Code   RO         2137    i.IOMUXC_SetPinMux  bsp_i2c_touch.o
    0x600050fc   0x600050fc   0x000000bc   Code   RO         1496    i.IO_Init           fsl_io.o
    0x600051b8   0x600051b8   0x00000044   Code   RO         1497    i.IO_Transfer       fsl_io.o
    0x600051fc   0x600051fc   0x00000038   Code   RO         1885    i.LCDIF_IRQHandler  bsp_lcd.o
    0x60005234   0x60005234   0x0000001c   Code   RO         1886    i.LCD_BackLight_ON  bsp_lcd.o
    0x60005250   0x60005250   0x0000002c   Code   RO         1887    i.LCD_Clear         bsp_lcd.o
    0x6000527c   0x6000527c   0x00000058   Code   RO         1889    i.LCD_DispString    bsp_lcd.o
    0x600052d4   0x600052d4   0x0000010c   Code   RO         1890    i.LCD_DisplayChar   bsp_lcd.o
    0x600053e0   0x600053e0   0x00000098   Code   RO         1894    i.LCD_DrawFullRect  bsp_lcd.o
    0x60005478   0x60005478   0x00000084   Code   RO         1895    i.LCD_DrawLine      bsp_lcd.o
    0x600054fc   0x600054fc   0x00000074   Code   RO         1896    i.LCD_DrawRect      bsp_lcd.o
    0x60005570   0x60005570   0x00000030   Code   RO         1898    i.LCD_ELCDIF_Config  bsp_lcd.o
    0x600055a0   0x600055a0   0x00000200   Code   RO         1901    i.LCD_IOMUXC_MUX_Config  bsp_lcd.o
    0x600057a0   0x600057a0   0x0000022c   Code   RO         1902    i.LCD_IOMUXC_PAD_Config  bsp_lcd.o
    0x600059cc   0x600059cc   0x00000034   Code   RO         1903    i.LCD_Init          bsp_lcd.o
    0x60005a00   0x60005a00   0x0000003c   Code   RO         1904    i.LCD_InitClock     bsp_lcd.o
    0x60005a3c   0x60005a3c   0x00000040   Code   RO         1905    i.LCD_InterruptConfig  bsp_lcd.o
    0x60005a7c   0x60005a7c   0x00000014   Code   RO         1907    i.LCD_SetColors     bsp_lcd.o
    0x60005a90   0x60005a90   0x0000000c   Code   RO         1910    i.LCD_SetFont       bsp_lcd.o
    0x60005a9c   0x60005a9c   0x00000010   Code   RO         1831    i.LED_GPIO_Config   bsp_led.o
    0x60005aac   0x60005aac   0x00000040   Code   RO         1832    i.LED_GPIO_Mode_Config  bsp_led.o
    0x60005aec   0x60005aec   0x00000068   Code   RO         1833    i.LED_IOMUXC_MUX_Config  bsp_led.o
    0x60005b54   0x60005b54   0x00000068   Code   RO         1834    i.LED_IOMUXC_PAD_Config  bsp_led.o
    0x60005bbc   0x60005bbc   0x00000024   Code   RO         1428    i.LOG_Init          fsl_log.o
    0x60005be0   0x60005be0   0x00000022   Code   RO         1429    i.LOG_Pop           fsl_log.o
    0x60005c02   0x60005c02   0x00000002   PAD
    0x60005c04   0x60005c04   0x00000054   Code   RO         1430    i.LOG_Push          fsl_log.o
    0x60005c58   0x60005c58   0x00000010   Code   RO          781    i.LPI2C1_DriverIRQHandler  fsl_lpi2c.o
    0x60005c68   0x60005c68   0x00000010   Code   RO          782    i.LPI2C2_DriverIRQHandler  fsl_lpi2c.o
    0x60005c78   0x60005c78   0x00000010   Code   RO          783    i.LPI2C3_DriverIRQHandler  fsl_lpi2c.o
    0x60005c88   0x60005c88   0x00000022   Code   RO          784    i.LPI2C_CheckForBusyBus  fsl_lpi2c.o
    0x60005caa   0x60005caa   0x00000002   PAD
    0x60005cac   0x60005cac   0x00000054   Code   RO          785    i.LPI2C_CommonIRQHandler  fsl_lpi2c.o
    0x60005d00   0x60005d00   0x00000040   Code   RO          786    i.LPI2C_GetCyclesForWidth  fsl_lpi2c.o
    0x60005d40   0x60005d40   0x00000058   Code   RO          787    i.LPI2C_GetInstance  fsl_lpi2c.o
    0x60005d98   0x60005d98   0x000000c2   Code   RO          788    i.LPI2C_InitTransferStateMachine  fsl_lpi2c.o
    0x60005e5a   0x60005e5a   0x00000002   PAD
    0x60005e5c   0x60005e5c   0x00000090   Code   RO          789    i.LPI2C_MasterCheckAndClearError  fsl_lpi2c.o
    0x60005eec   0x60005eec   0x00000004   Code   RO          790    i.LPI2C_MasterClearStatusFlags  fsl_lpi2c.o
    0x60005ef0   0x60005ef0   0x00000008   Code   RO          793    i.LPI2C_MasterDisableInterrupts  fsl_lpi2c.o
    0x60005ef8   0x60005ef8   0x0000000a   Code   RO          794    i.LPI2C_MasterEnable  fsl_lpi2c.o
    0x60005f02   0x60005f02   0x00000008   Code   RO          795    i.LPI2C_MasterEnableInterrupts  fsl_lpi2c.o
    0x60005f0a   0x60005f0a   0x00000002   PAD
    0x60005f0c   0x60005f0c   0x00000030   Code   RO          796    i.LPI2C_MasterGetDefaultConfig  fsl_lpi2c.o
    0x60005f3c   0x60005f3c   0x00000016   Code   RO          797    i.LPI2C_MasterGetFifoCounts  fsl_lpi2c.o
    0x60005f52   0x60005f52   0x00000006   Code   RO          798    i.LPI2C_MasterGetStatusFlags  fsl_lpi2c.o
    0x60005f58   0x60005f58   0x00000138   Code   RO          799    i.LPI2C_MasterInit  fsl_lpi2c.o
    0x60006090   0x60006090   0x0000000a   Code   RO          801    i.LPI2C_MasterReset  fsl_lpi2c.o
    0x6000609a   0x6000609a   0x00000002   PAD
    0x6000609c   0x6000609c   0x00000124   Code   RO          803    i.LPI2C_MasterSetBaudRate  fsl_lpi2c.o
    0x600061c0   0x600061c0   0x00000090   Code   RO          808    i.LPI2C_MasterTransferCreateHandle  fsl_lpi2c.o
    0x60006250   0x60006250   0x00000046   Code   RO          810    i.LPI2C_MasterTransferHandleIRQ  fsl_lpi2c.o
    0x60006296   0x60006296   0x00000002   PAD
    0x60006298   0x60006298   0x00000108   Code   RO          811    i.LPI2C_MasterTransferNonBlocking  fsl_lpi2c.o
    0x600063a0   0x600063a0   0x000001a4   Code   RO          813    i.LPI2C_RunTransferStateMachine  fsl_lpi2c.o
    0x60006544   0x60006544   0x0000001c   Code   RO          415    i.LPUART1_DriverIRQHandler  fsl_lpuart.o
    0x60006560   0x60006560   0x0000001c   Code   RO          416    i.LPUART2_DriverIRQHandler  fsl_lpuart.o
    0x6000657c   0x6000657c   0x0000001c   Code   RO          417    i.LPUART3_DriverIRQHandler  fsl_lpuart.o
    0x60006598   0x60006598   0x0000001c   Code   RO          418    i.LPUART4_DriverIRQHandler  fsl_lpuart.o
    0x600065b4   0x600065b4   0x0000001c   Code   RO          419    i.LPUART5_DriverIRQHandler  fsl_lpuart.o
    0x600065d0   0x600065d0   0x0000001c   Code   RO          420    i.LPUART6_DriverIRQHandler  fsl_lpuart.o
    0x600065ec   0x600065ec   0x0000001c   Code   RO          421    i.LPUART7_DriverIRQHandler  fsl_lpuart.o
    0x60006608   0x60006608   0x0000001c   Code   RO          422    i.LPUART8_DriverIRQHandler  fsl_lpuart.o
    0x60006624   0x60006624   0x00000058   Code   RO          423    i.LPUART_ClearStatusFlags  fsl_lpuart.o
    0x6000667c   0x6000667c   0x0000006c   Code   RO          427    i.LPUART_GetDefaultConfig  fsl_lpuart.o
    0x600066e8   0x600066e8   0x00000084   Code   RO          429    i.LPUART_GetInstance  fsl_lpuart.o
    0x6000676c   0x6000676c   0x00000010   Code   RO          430    i.LPUART_GetStatusFlags  fsl_lpuart.o
    0x6000677c   0x6000677c   0x000002f4   Code   RO          431    i.LPUART_Init       fsl_lpuart.o
    0x60006a70   0x60006a70   0x00000104   Code   RO          432    i.LPUART_ReadBlocking  fsl_lpuart.o
    0x60006b74   0x60006b74   0x00000068   Code   RO          448    i.LPUART_WriteBlocking  fsl_lpuart.o
    0x60006bdc   0x60006bdc   0x00000038   Code   RO         2392    i.Palette_Init      palette.o
    0x60006c14   0x60006c14   0x000000a0   Code   RO         1549    i.SCB_DisableDCache  board.o
    0x60006cb4   0x60006cb4   0x0000009c   Code   RO            6    i.SCB_EnableDCache  system_mimxrt1052.o
    0x60006d50   0x60006d50   0x0000009c   Code   RO         1550    i.SCB_EnableDCache  board.o
    0x60006dec   0x60006dec   0x0000007c   Code   RO            7    i.SCB_EnableICache  system_mimxrt1052.o
    0x60006e68   0x60006e68   0x0000007c   Code   RO         1551    i.SCB_EnableICache  board.o
    0x60006ee4   0x60006ee4   0x00000628   Code   RO         1376    i.StrFormatPrintf   fsl_str.o
    0x6000750c   0x6000750c   0x000000b4   Code   RO            9    i.SystemInit        system_mimxrt1052.o
    0x600075c0   0x600075c0   0x00000002   Code   RO           10    i.SystemInitHook    system_mimxrt1052.o
    0x600075c2   0x600075c2   0x00000002   PAD
    0x600075c4   0x600075c4   0x000000b8   Code   RO         2393    i.Touch_Button_Down  palette.o
    0x6000767c   0x6000767c   0x000003a4   Code   RO         2394    i.Touch_Button_Init  palette.o
    0x60007a20   0x60007a20   0x00000078   Code   RO         2395    i.Touch_Button_Up   palette.o
    0x60007a98   0x60007a98   0x00000030   Code   RO         2648    i.__ARM_fpclassify  m_wv.l(fpclassify.o)
    0x60007ac8   0x60007ac8   0x00000044   Code   RO         1105    i.__aeabi_assert    fsl_assert.o
    0x60007b0c   0x60007b0c   0x000000c0   Code   RO         2549    i.__hardfp_modf     m_wv.l(modf.o)
    0x60007bcc   0x60007bcc   0x00000004   PAD
    0x60007bd0   0x60007bd0   0x000008f8   Code   RO         2555    i.__hardfp_pow      m_wv.l(pow.o)
    0x600084c8   0x600084c8   0x00000070   Code   RO         2650    i.__kernel_poly     m_wv.l(poly.o)
    0x60008538   0x60008538   0x00000020   Code   RO         2628    i.__mathlib_dbl_divzero  m_wv.l(dunder.o)
    0x60008558   0x60008558   0x00000006   Code   RO         2630    i.__mathlib_dbl_infnan2  m_wv.l(dunder.o)
    0x6000855e   0x6000855e   0x00000002   PAD
    0x60008560   0x60008560   0x00000018   Code   RO         2631    i.__mathlib_dbl_invalid  m_wv.l(dunder.o)
    0x60008578   0x60008578   0x00000018   Code   RO         2632    i.__mathlib_dbl_overflow  m_wv.l(dunder.o)
    0x60008590   0x60008590   0x00000018   Code   RO         2634    i.__mathlib_dbl_underflow  m_wv.l(dunder.o)
    0x600085a8   0x600085a8   0x0000000e   Code   RO         2724    i.__scatterload_copy  mc_w.l(handlers.o)
    0x600085b6   0x600085b6   0x00000002   Code   RO         2725    i.__scatterload_null  mc_w.l(handlers.o)
    0x600085b8   0x600085b8   0x0000000e   Code   RO         2726    i.__scatterload_zeroinit  mc_w.l(handlers.o)
    0x600085c6   0x600085c6   0x00000002   PAD
    0x600085c8   0x600085c8   0x0000000c   Code   RO         2687    i.__set_errno       mc_w.l(errno.o)
    0x600085d4   0x600085d4   0x00000018   Code   RO         2644    i.fabs              m_wv.l(fabs.o)
    0x600085ec   0x600085ec   0x00000230   Code   RO         1763    i.main              main.o
    0x6000881c   0x6000881c   0x0000006a   Code   RO         2655    i.sqrt              m_wv.l(sqrt.o)
    0x60008886   0x60008886   0x00000002   PAD
    0x60008888   0x60008888   0x00000010   Data   RO          129    .constdata          fsl_clock.o
    0x60008898   0x60008898   0x00000024   Data   RO          364    .constdata          fsl_gpio.o
    0x600088bc   0x600088bc   0x00000048   Data   RO          451    .constdata          fsl_lpuart.o
    0x60008904   0x60008904   0x00000008   Data   RO          706    .constdata          fsl_elcdif.o
    0x6000890c   0x6000890c   0x00000028   Data   RO          830    .constdata          fsl_lpi2c.o
    0x60008934   0x60008934   0x00000011   Data   RO         1626    .constdata          clock_config.o
    0x60008945   0x60008945   0x00000003   PAD
    0x60008948   0x60008948   0x00000027   Data   RO         1914    .constdata          bsp_lcd.o
    0x6000896f   0x6000896f   0x00005320   Data   RO         2105    .constdata          fonts.o
    0x6000dc8f   0x6000dc8f   0x00000001   PAD
    0x6000dc90   0x6000dc90   0x00000003   Data   RO         2139    .constdata          bsp_i2c_touch.o
    0x6000dc93   0x6000dc93   0x00000001   PAD
    0x6000dc94   0x6000dc94   0x00000280   Data   RO         2280    .constdata          gt9xx.o
    0x6000df14   0x6000df14   0x00000004   PAD
    0x6000df18   0x6000df18   0x00000088   Data   RO         2558    .constdata          m_wv.l(pow.o)
    0x6000dfa0   0x6000dfa0   0x00000008   Data   RO         2652    .constdata          m_wv.l(qnan.o)
    0x6000dfa8   0x6000dfa8   0x000000a1   Data   RO         2281    .conststring        gt9xx.o
    0x6000e049   0x6000e049   0x00000003   PAD
    0x6000e04c   0x6000e04c   0x00000030   Data   RO         2722    Region$$Table       anon$$obj.o


    Execution Region RW_m_ncache (Exec base: 0x81c00000, Load base: 0x6000e0bc, Size: 0x002ee000, Max: 0x00400000, ABSOLUTE)

    Exec Addr    Load Addr    Size         Type   Attr      Idx    E Section Name        Object

    0x81c00000        -       0x002ee000   Zero   RW         1916    NonCacheable        bsp_lcd.o


    Execution Region ARM_LIB_HEAP (Exec base: 0x81eee000, Load base: 0x6000e0bc, Size: 0x00000400, Max: 0x00000400, ABSOLUTE)

    Exec Addr    Load Addr    Size         Type   Attr      Idx    E Section Name        Object

    0x81eee000        -       0x00000400   Zero   RW            1    ARM_LIB_HEAP.bss    anon$$obj.o


==============================================================================

Image component sizes


      Code (inc. data)   RO Data    RW Data    ZI Data      Debug   Object Name

      1056        108          0          0          0      54525   board.o
      1270        236          3          2         56      70563   bsp_i2c_touch.o
      2590        286         39         20    3072000      30112   bsp_lcd.o
       326         20          0          0          0       3638   bsp_led.o
      1100        302         17          0          0      13459   clock_config.o
       140         22          0          0          0       1806   core_delay.o
         0          0       1072          0          0        683   fire_imxrt1052_sdram_ini_dcd.o
         0          0        512          0          0       5970   fire_imxrt1052_spiflash_config.o
         0          0      21280         24          0       1445   fonts.o
        68         44          0          0          0        717   fsl_assert.o
      1592        134         16          8          0    1372358   fsl_clock.o
       262         98          0          0          0       3658   fsl_debug_console.o
       648        254          8         40          0       8299   fsl_elcdif.o
         0          0         48          0          0       2334   fsl_flexspi_nor_boot.o
       578        188         36          0          0      16807   fsl_gpio.o
       256         62          0          8          0       7480   fsl_io.o
       154         52          0          0          0       3548   fsl_log.o
      2444        432         40          8         32      32120   fsl_lpi2c.o
      1800        596         72          4         36      66146   fsl_lpuart.o
      2338          0          0          0          0       5910   fsl_str.o
      2032        554        801        271          0      14670   gt9xx.o
       560        318          0          0          0       4030   main.o
      1520        104          0          0        476       6004   palette.o
       270         60          0          0          0      71517   pin_mux.o
       444        210       1024          0          0       3148   startup_mimxrt1052.o
       462         38          0          4          0    1391547   system_mimxrt1052.o

    ----------------------------------------------------------------------
     21932       4118      25028        392    3074648    3192494   Object Totals
         0          0         48          0       2048          0   (incl. Generated)
        22          0         12          3          0          0   (incl. Padding)

    ----------------------------------------------------------------------

      Code (inc. data)   RO Data    RW Data    ZI Data      Debug   Library Member Name

       110         60          0          0          0        580   dunder.o
        24          0          0          0          0        124   fabs.o
        48          0          0          0          0        124   fpclassify.o
       192          6          0          0          0        176   modf.o
       112          0          0          0          0        116   poly.o
      2296        304        136          0          0        320   pow.o
         0          0          8          0          0          0   qnan.o
       106          0          0          0          0        140   sqrt.o
        86          0          0          0          0          0   __dczerorl2.o
         0          0          0          0          0          0   entry.o
         0          0          0          0          0          0   entry10a.o
         0          0          0          0          0          0   entry11a.o
         8          4          0          0          0          0   entry4.o
         4          0          0          0          0          0   entry5.o
         0          0          0          0          0          0   entry7b.o
         0          0          0          0          0          0   entry8b.o
         8          4          0          0          0          0   entry9a.o
        12          6          0          4          0         68   errno.o
        30          0          0          0          0          0   handlers.o
        36          8          0          0          0         68   init.o
         0          0          0          0          0          0   iusefp.o
        98          0          0          0          0         84   ldiv.o
        30          0          0          0          0         68   llshl.o
        32          0          0          0          0         68   llushr.o
        64          0          0          0          0         76   memmovea.o
        36          0          0          0          0        108   memseta.o
        14          0          0          0          0         68   strlen.o
        98          0          0          0          0         92   uldiv.o
       186          0          0          0          0        176   depilogue.o
        74          0          0          0          0         80   dfixl.o
        40          0          0          0          0         80   dfltl.o
        46          0          0          0          0         80   dscalb.o

    ----------------------------------------------------------------------
      3804        396        144          4          0       2696   Library Totals
        14          4          0          0          0          0   (incl. Padding)

    ----------------------------------------------------------------------

      Code (inc. data)   RO Data    RW Data    ZI Data      Debug   Library Name

      2888        370        144          0          0       1580   m_wv.l
       556         22          0          4          0        700   mc_w.l
       346          0          0          0          0        416   mf_w.l

    ----------------------------------------------------------------------
      3804        396        144          4          0       2696   Library Totals

    ----------------------------------------------------------------------

==============================================================================


      Code (inc. data)   RO Data    RW Data    ZI Data      Debug   

     25736       4514      25172        396    3074648    3179006   Grand Totals
     25736       4514      25172         64    3074648    3179006   ELF Image Totals (compressed)
     25736       4514      25172         64          0          0   ROM Totals

==============================================================================

    Total RO  Size (Code + RO Data)                50908 (  49.71kB)
    Total RW  Size (RW Data + ZI Data)           3075044 (3002.97kB)
    Total ROM Size (Code + RO Data + RW Data)      50972 (  49.78kB)

==============================================================================

