<html>
<body>
<pre>
<h1>µVision Build Log</h1>
<h2>Tool Versions:</h2>
IDE-Version: ¦ÌVision V5.25.2.0
Copyright (C) 2018 ARM Ltd and ARM Germany GmbH. All rights reserved.
License Information:  ,  , LIC=Q7GDY-I46IH-UJF6I-TI0SF-LM23Y-729VL
 
Tool Versions:
Toolchain:       MDK-ARM Professional  Version: 5.25.2.0
Toolchain Path:  D:\keil5\ARM\ARMCC\Bin
C Compiler:      Armcc.exe V5.06 update 6 (build 750)
Assembler:       Armasm.exe V5.06 update 6 (build 750)
Linker/Locator:  ArmLink.exe V5.06 update 6 (build 750)
Library Manager: ArmAr.exe V5.06 update 6 (build 750)
Hex Converter:   FromElf.exe V5.06 update 6 (build 750)
CPU DLL:         SARMCM3.DLL V5.25.2.0
Dialog DLL:      DCM.DLL V1.17.1.0
Target DLL:      CMSIS_AGDI.dll V1.29.10.0
Dialog DLL:      TCM.DLL V1.35.1.0
 
<h2>Project:</h2>
C:\Users\Dell\Documents\Tencent Files\296633250\FileRecv\µçÈÝ´¥ÃþÆÁ¡ªÐÞ¸Ä(1)\project\mdk\YH-RT1052.uvprojx
Project File Date:  01/11/2019

<h2>Output:</h2>
*** Using Compiler 'V5.06 update 6 (build 750)', folder: 'D:\keil5\ARM\ARMCC\Bin'
Build target 'lcd_flexspi_nor_debug'
compiling palette.c...
..\..\user\bsp\touch\palette.c(493): warning:  #177-D: function "Draw_Color_Button"  was declared but never referenced
  static void Draw_Color_Button(void *btn)
..\..\user\bsp\touch\palette.c(594): warning:  #177-D: function "Draw_Shape_Button"  was declared but never referenced
  static void Draw_Shape_Button(void *btn)
..\..\user\bsp\touch\palette.c(767): warning:  #177-D: function "Command_Select_Color"  was declared but never referenced
  static void Command_Select_Color(void *btn)
..\..\user\bsp\touch\palette.c(786): warning:  #177-D: function "Command_Select_Brush"  was declared but never referenced
  static void Command_Select_Brush(void *btn)
..\..\user\bsp\touch\palette.c(798): warning:  #177-D: function "Command_Clear_Palette"  was declared but never referenced
  static void Command_Clear_Palette(void *btn)
..\..\user\bsp\touch\palette.c: 5 warnings, 0 errors
linking...
Program Size: Code=25736 RO-data=25172 RW-data=396 ZI-data=3074648  
".\flexspi_nor_debug\Objects\YH-RT1052.axf" - 0 Error(s), 5 Warning(s).

<h2>Software Packages used:</h2>

Package Vendor: NXP
                http://mcuxpresso.nxp.com/cmsis_pack/repo/NXP.MIMXRT1052_DFP.10.0.1.pack
                NXP.MIMXRT1052_DFP.10.0.1
                Device Family Pack for MIMXRT1052

<h2>Collection of Component include folders:</h2>
  .\RTE\_lcd_flexspi_nor_debug
  D:\keil5\ARM\PACK\NXP\MIMXRT1052_DFP\10.0.1

<h2>Collection of Component Files used:</h2>
Build Time Elapsed:  00:00:14
</pre>
</body>
</html>
